Archive member included to satisfy reference by file (symbol)

/opt/devkitpro/libctru/lib/libctru.a(console.o)
                              main.o (consoleInit)
/opt/devkitpro/libctru/lib/libctru.a(gfx.o)
                              /opt/devkitpro/libctru/lib/libctru.a(console.o) (gfxSetScreenFormat)
/opt/devkitpro/libctru/lib/libctru.a(gx.o)
                              /opt/devkitpro/libctru/lib/libctru.a(gfx.o) (gxCmdBuf)
/opt/devkitpro/libctru/lib/libctru.a(gspgpu.o)
                              /opt/devkitpro/libctru/lib/libctru.a(gfx.o) (gspInit)
/opt/devkitpro/libctru/lib/libctru.a(apt.o)
                              main.o (aptMainLoop)
/opt/devkitpro/libctru/lib/libctru.a(hid.o)
                              main.o (hidScanInput)
/opt/devkitpro/libctru/lib/libctru.a(httpc.o)
                              main.o (httpcInit)
/opt/devkitpro/libctru/lib/libctru.a(initSystem.o)
                              /opt/devkitpro/libctru/lib/libctru.a(apt.o) (__system_retAddr)
/opt/devkitpro/libctru/lib/libctru.a(syscalls.o)
                              /opt/devkitpro/libctru/lib/libctru.a(initSystem.o) (__system_initSyscalls)
/opt/devkitpro/libctru/lib/libctru.a(allocateHeaps.o)
                              /opt/devkitpro/libctru/lib/libctru.a(initSystem.o) (__system_allocateHeaps)
/opt/devkitpro/libctru/lib/libctru.a(initArgv.o)
                              /opt/devkitpro/libctru/lib/libctru.a(initSystem.o) (__system_initArgv)
/opt/devkitpro/libctru/lib/libctru.a(svc.o)
                              /opt/devkitpro/libctru/lib/libctru.a(allocateHeaps.o) (svcControlMemory)
/opt/devkitpro/libctru/lib/libctru.a(stack_adjust.o)
                              /opt/devkitpro/devkitARM/lib/gcc/arm-none-eabi/9.1.0/../../../../arm-none-eabi/lib/armv6k/fpu/3dsx_crt0.o (initSystem)
/opt/devkitpro/libctru/lib/libctru.a(default_font.bin.o)
                              /opt/devkitpro/libctru/lib/libctru.a(console.o) (default_font_bin)
/opt/devkitpro/libctru/lib/libctru.a(vram.o)
                              /opt/devkitpro/libctru/lib/libctru.a(gfx.o) (vramAlloc)
/opt/devkitpro/libctru/lib/libctru.a(mappable.o)
                              /opt/devkitpro/libctru/lib/libctru.a(gfx.o) (mappableAlloc)
/opt/devkitpro/libctru/lib/libctru.a(linear.o)
                              /opt/devkitpro/libctru/lib/libctru.a(gfx.o) (linearAlloc)
/opt/devkitpro/libctru/lib/libctru.a(mem_pool.o)
                              /opt/devkitpro/libctru/lib/libctru.a(vram.o) (MemPool::Allocate(MemChunk&, unsigned long, int))
/opt/devkitpro/libctru/lib/libctru.a(synchronization.o)
                              /opt/devkitpro/libctru/lib/libctru.a(initSystem.o) (__sync_init)
/opt/devkitpro/libctru/lib/libctru.a(os.o)
                              /opt/devkitpro/libctru/lib/libctru.a(allocateHeaps.o) (osGetMemRegionUsed)
/opt/devkitpro/libctru/lib/libctru.a(srv.o)
                              /opt/devkitpro/libctru/lib/libctru.a(apt.o) (srvInit)
/opt/devkitpro/libctru/lib/libctru.a(thread.o)
                              /opt/devkitpro/libctru/lib/libctru.a(gspgpu.o) (threadCreate)
/opt/devkitpro/libctru/lib/libctru.a(irrst.o)
                              /opt/devkitpro/libctru/lib/libctru.a(hid.o) (irrstScanInput)
/opt/devkitpro/libctru/lib/libctru.a(srvpm.o)
                              /opt/devkitpro/libctru/lib/libctru.a(srv.o) (srvPmGetSessionHandle)
/opt/devkitpro/libctru/lib/libctru.a(ptmsysm.o)
                              /opt/devkitpro/libctru/lib/libctru.a(os.o) (ptmSysmInit)
/opt/devkitpro/libctru/lib/libctru.a(rbtree_init.o)
                              /opt/devkitpro/libctru/lib/libctru.a(vram.o) (rbtree_init)
/opt/devkitpro/libctru/lib/libctru.a(rbtree_insert.o)
                              /opt/devkitpro/libctru/lib/libctru.a(vram.o) (rbtree_insert)
/opt/devkitpro/libctru/lib/libctru.a(rbtree_rotate.o)
                              /opt/devkitpro/libctru/lib/libctru.a(rbtree_insert.o) (rbtree_rotate)
/opt/devkitpro/libctru/lib/libctru.a(rbtree_remove.o)
                              /opt/devkitpro/libctru/lib/libctru.a(vram.o) (rbtree_remove)
/opt/devkitpro/libctru/lib/libctru.a(rbtree_find.o)
                              /opt/devkitpro/libctru/lib/libctru.a(vram.o) (rbtree_find)
/opt/devkitpro/libctru/lib/libctru.a(appInit.o)
                              /opt/devkitpro/libctru/lib/libctru.a(stack_adjust.o) (__appInit)
/opt/devkitpro/libctru/lib/libctru.a(appExit.o)
                              /opt/devkitpro/libctru/lib/libctru.a(stack_adjust.o) (__appExit)
/opt/devkitpro/libctru/lib/libctru.a(ctru_exit.o)
                              /opt/devkitpro/libctru/lib/libctru.a(stack_adjust.o) (__libctru_exit)
/opt/devkitpro/libctru/lib/libctru.a(env.o)
                              /opt/devkitpro/libctru/lib/libctru.a(srv.o) (envGetHandle)
/opt/devkitpro/libctru/lib/libctru.a(sdmc_dev.o)
                              /opt/devkitpro/libctru/lib/libctru.a(appInit.o) (sdmcInit)
/opt/devkitpro/libctru/lib/libctru.a(fs.o)
[...]
Memory Configuration

Name             Origin             Length             Attributes
*default*        0x0000000000000000 0xffffffffffffffff

Linker script and memory map

                0x0000000000100000                PROVIDE (__start__ = 0x100000)
                0x0000000000100000                . = __start__

.text           0x0000000000100000    0x1d92c
 *(.crt0)
 .crt0          0x0000000000100000       0x94 /opt/devkitpro/devkitARM/lib/gcc/arm-none-eabi/9.1.0/../../../../arm-none-eabi/lib/armv6k/fpu/3dsx_crt0.o
                0x0000000000100000                _start
                0x0000000000100008                __service_ptr
                0x000000000010000c                __apt_appid
                0x0000000000100010                __heap_size
                0x0000000000100014                __linear_heap_size
                0x0000000000100018                __system_arglist
                0x000000000010001c                __system_runflags
 *(.init)
 .init          0x0000000000100094        0xc /opt/devkitpro/devkitARM/lib/gcc/arm-none-eabi/9.1.0/armv6k/fpu/crti.o
                0x0000000000100094                _init
 .init          0x00000000001000a0        0xc /opt/devkitpro/devkitARM/lib/gcc/arm-none-eabi/9.1.0/armv6k/fpu/crtn.o
                0x00000000001000ac                . = ALIGN (0x4)
 *(.text)
 .text          0x00000000001000ac       0x64 /opt/devkitpro/libctru/lib/libctru.a(stack_adjust.o)
                0x00000000001000ac                initSystem
                0x00000000001000f0                __ctru_exit
 .text          0x0000000000100110      0x240 /opt/devkitpro/devkitARM/lib/gcc/arm-none-eabi/9.1.0/armv6k/fpu/libgcc.a(_divsi3.o)
                0x0000000000100110                __aeabi_idiv
                0x0000000000100110                __divsi3
                0x0000000000100330                __aeabi_idivmod
 .text          0x0000000000100350        0x4 /opt/devkitpro/devkitARM/lib/gcc/arm-none-eabi/9.1.0/armv6k/fpu/libgcc.a(_dvmd_tls.o)
                0x0000000000100350                __aeabi_ldiv0
                0x0000000000100350                __aeabi_idiv0
 .text          0x0000000000100354       0x3c /opt/devkitpro/devkitARM/lib/gcc/arm-none-eabi/9.1.0/armv6k/fpu/libgcc.a(_aeabi_uldivmod.o)
                0x0000000000100354                __aeabi_uldivmod
 *fill*         0x0000000000100390       0x10 
 .text          0x00000000001003a0      0x390 /opt/devkitpro/devkitARM/lib/gcc/arm-none-eabi/9.1.0/../../../../arm-none-eabi/lib/armv6k/fpu/libg.a(lib_a-strcmp.o)
                0x00000000001003a8                strcmp
 .text          0x0000000000100730      0x20c /opt/devkitpro/devkitARM/lib/gcc/arm-none-eabi/9.1.0/armv6k/fpu/libgcc.a(_udivsi3.o)
                0x0000000000100730                __udivsi3
                0x0000000000100730                __aeabi_uidiv
                0x000000000010091c                __aeabi_uidivmod
 .text          0x000000000010093c      0x3c0 /opt/devkitpro/devkitARM/lib/gcc/arm-none-eabi/9.1.0/armv6k/fpu/libgcc.a(_arm_addsubdf3.o)
                0x000000000010093c                __aeabi_drsub
                0x0000000000100944                __aeabi_dsub
                0x0000000000100944                __subdf3
                0x0000000000100948                __adddf3
                0x0000000000100948                __aeabi_dadd
                0x0000000000100bf4                __aeabi_ui2d
                0x0000000000100bf4                __floatunsidf
                0x0000000000100c18                __floatsidf
                0x0000000000100c18                __aeabi_i2d
                0x0000000000100c40                __extendsfdf2
                0x0000000000100c40                __aeabi_f2d
                0x0000000000100c88                __aeabi_ul2d
                0x0000000000100c88                __floatundidf
                0x0000000000100c9c                __floatdidf
                0x0000000000100c9c                __aeabi_l2d
 *(.text.*)
 .text.deregister_tm_clones
                0x0000000000100cfc       0x2c /opt/devkitpro/devkitARM/lib/gcc/arm-none-eabi/9.1.0/armv6k/fpu/crtbegin.o
 .text.register_tm_clones
                0x0000000000100d28       0x38 /opt/devkitpro/devkitARM/lib/gcc/arm-none-eabi/9.1.0/armv6k/fpu/crtbegin.o
 .text.__do_global_dtors_aux
                0x0000000000100d60       0x44 /opt/devkitpro/devkitARM/lib/gcc/arm-none-eabi/9.1.0/armv6k/fpu/crtbegin.o
 .text.frame_dummy
                0x0000000000100da4       0x34 /opt/devkitpro/devkitARM/lib/gcc/arm-none-eabi/9.1.0/armv6k/fpu/crtbegin.o
 .text.http_post
                0x0000000000100dd8      0x3d8 main.o
                0x0000000000100dd8                http_post
 .text.startup.main
                0x00000000001011b0      0x1d4 main.o
                0x00000000001011b0                main
 .text.consoleDrawChar
                0x0000000000101384      0x1b8 /opt/devkitpro/libctru/lib/libctru.a(console.o)
                0x0000000000101384                consoleDrawChar
 .text.consolePrintChar
                0x000000000010153c      0x124 /opt/devkitpro/libctru/lib/libctru.a(console.o)
                0x000000000010153c                consolePrintChar
 .text.consoleCls
                0x0000000000101660      0x15c /opt/devkitpro/libctru/lib/libctru.a(console.o)
 .text.consoleInit
                0x00000000001017bc      0x104 /opt/devkitpro/libctru/lib/libctru.a(console.o)
                0x00000000001017bc                consoleInit
 .text.consoleClearLine
                0x00000000001018c0      0x10c /opt/devkitpro/libctru/lib/libctru.a(console.o)
 .text.newRow   0x00000000001019cc       0xc4 /opt/devkitpro/libctru/lib/libctru.a(console.o)
 .text.con_write
                0x0000000000101a90      0x7cc /opt/devkitpro/libctru/lib/libctru.a(console.o)
                0x0000000000101a90                con_write
 .text.gfxSetFramebufferInfo.part.0
                0x000000000010225c       0x8c /opt/devkitpro/libctru/lib/libctru.a(gfx.o)
 .text.gfxSetFramebufferInfo
                0x00000000001022e8       0x6c /opt/devkitpro/libctru/lib/libctru.a(gfx.o)
 .text.gfxGetFramebuffer.part.0
                0x0000000000102354       0x58 /opt/devkitpro/libctru/lib/libctru.a(gfx.o)
 .text.__get_bytes_per_pixel
                0x00000000001023ac       0x18 /opt/devkitpro/libctru/lib/libctru.a(gfx.o)
                0x00000000001023ac                __get_bytes_per_pixel
 .text.gfxSetScreenFormat
                0x00000000001023c4      0x184 /opt/devkitpro/libctru/lib/libctru.a(gfx.o)
                0x00000000001023c4                gfxSetScreenFormat
 .text.gfxSetDoubleBuffering
                0x0000000000102548       0x10 /opt/devkitpro/libctru/lib/libctru.a(gfx.o)
                0x0000000000102548                gfxSetDoubleBuffering
 .text.gfxInit  0x0000000000102558      0x214 /opt/devkitpro/libctru/lib/libctru.a(gfx.o)
                0x0000000000102558                gfxInit
 .text.gfxInitDefault
                0x000000000010276c       0x10 /opt/devkitpro/libctru/lib/libctru.a(gfx.o)
                0x000000000010276c                gfxInitDefault
 .text.gfxExit  0x000000000010277c       0xe0 /opt/devkitpro/libctru/lib/libctru.a(gfx.o)
                0x000000000010277c                gfxExit
 .text.gfxGetFramebuffer
                0x000000000010285c       0x64 /opt/devkitpro/libctru/lib/libctru.a(gfx.o)
                0x000000000010285c                gfxGetFramebuffer
 .text.gfxFlushBuffers
                0x00000000001028c0       0xcc /opt/devkitpro/libctru/lib/libctru.a(gfx.o)
                0x00000000001028c0                gfxFlushBuffers
 .text.gfxConfigScreen
                0x000000000010298c       0xf4 /opt/devkitpro/libctru/lib/libctru.a(gfx.o)
                0x000000000010298c                gfxConfigScreen
 .text.gfxSwapBuffers
                0x0000000000102a80       0x20 /opt/devkitpro/libctru/lib/libctru.a(gfx.o)
                0x0000000000102a80                gfxSwapBuffers
 .text.gfxSwapBuffersGpu
                0x0000000000102aa0       0x20 /opt/devkitpro/libctru/lib/libctru.a(gfx.o)
                0x0000000000102aa0                gfxSwapBuffersGpu
 .text.gspInit  0x0000000000102ac0       0x74 /opt/devkitpro/libctru/lib/libctru.a(gspgpu.o)
                0x0000000000102ac0                gspInit
 .text.gspExit  0x0000000000102b34       0x3c /opt/devkitpro/libctru/lib/libctru.a(gspgpu.o)
                0x0000000000102b34                gspExit
 .text.gspInitEventHandler
                0x0000000000102b70       0xa4 /opt/devkitpro/libctru/lib/libctru.a(gspgpu.o)
                0x0000000000102b70                gspInitEventHandler
 .text.gspExitEventHandler
                0x0000000000102c14       0x40 /opt/devkitpro/libctru/lib/libctru.a(gspgpu.o)
                0x0000000000102c14                gspExitEventHandler
 .text.gspWaitForEvent
                0x0000000000102c54       0x50 /opt/devkitpro/libctru/lib/libctru.a(gspgpu.o)
                0x0000000000102c54                gspWaitForEvent
 .text.gxCmdQueueInterrupt
                0x0000000000102ca4        0x4 /opt/devkitpro/libctru/lib/libctru.a(gspgpu.o)
                0x0000000000102ca4                gxCmdQueueInterrupt
 .text.gspEventThreadMain
                0x0000000000102ca8      0x178 /opt/devkitpro/libctru/lib/libctru.a(gspgpu.o)
 .text.GSPGPU_SetBufferSwap
                0x0000000000102e20       0x6c /opt/devkitpro/libctru/lib/libctru.a(gspgpu.o)
                0x0000000000102e20                GSPGPU_SetBufferSwap
 .text.GSPGPU_FlushDataCache
                0x0000000000102e8c       0x4c /opt/devkitpro/libctru/lib/libctru.a(gspgpu.o)
                0x0000000000102e8c                GSPGPU_FlushDataCache
 .text.GSPGPU_SetLcdForceBlack
                0x0000000000102ed8       0x34 /opt/devkitpro/libctru/lib/libctru.a(gspgpu.o)
                0x0000000000102ed8                GSPGPU_SetLcdForceBlack
 .text.GSPGPU_RegisterInterruptRelayQueue
                0x0000000000102f0c       0x64 /opt/devkitpro/libctru/lib/libctru.a(gspgpu.o)
                0x0000000000102f0c                GSPGPU_RegisterInterruptRelayQueue
 .text.GSPGPU_UnregisterInterruptRelayQueue
                0x0000000000102f70       0x2c /opt/devkitpro/libctru/lib/libctru.a(gspgpu.o)
                0x0000000000102f70                GSPGPU_UnregisterInterruptRelayQueue
 .text.GSPGPU_AcquireRight
                0x0000000000102f9c       0x48 /opt/devkitpro/libctru/lib/libctru.a(gspgpu.o)
                0x0000000000102f9c                GSPGPU_AcquireRight
 .text.GSPGPU_ReleaseRight
                0x0000000000102fe4       0x2c /opt/devkitpro/libctru/lib/libctru.a(gspgpu.o)
                0x0000000000102fe4                GSPGPU_ReleaseRight
 .text.GSPGPU_ImportDisplayCaptureInfo
                0x0000000000103010       0x80 /opt/devkitpro/libctru/lib/libctru.a(gspgpu.o)
                0x0000000000103010                GSPGPU_ImportDisplayCaptureInfo
 .text.GSPGPU_SaveVramSysArea
                0x0000000000103090       0x2c /opt/devkitpro/libctru/lib/libctru.a(gspgpu.o)
                0x0000000000103090                GSPGPU_SaveVramSysArea
 .text.GSPGPU_RestoreVramSysArea
                0x00000000001030bc       0x2c /opt/devkitpro/libctru/lib/libctru.a(gspgpu.o)
                0x00000000001030bc                GSPGPU_RestoreVramSysArea
 .text._aptDebug
                0x00000000001030e8        0x4 /opt/devkitpro/libctru/lib/libctru.a(apt.o)
                0x00000000001030e8                _aptDebug
 .text.aptSendCommand
                0x00000000001030ec      0x170 /opt/devkitpro/libctru/lib/libctru.a(apt.o)
                0x00000000001030ec                aptSendCommand
 .text.aptExitProcess
                0x000000000010325c       0x3c /opt/devkitpro/libctru/lib/libctru.a(apt.o)
 .text.APT_InquireNotification
                0x0000000000103298       0x50 /opt/devkitpro/libctru/lib/libctru.a(apt.o)
                0x0000000000103298                APT_InquireNotification
 .text.aptEventHandler
                0x00000000001032e8      0x194 /opt/devkitpro/libctru/lib/libctru.a(apt.o)
 .text.APT_AppletUtility
                0x000000000010347c       0x74 /opt/devkitpro/libctru/lib/libctru.a(apt.o)
                0x000000000010347c                APT_AppletUtility
 .text.aptSetSleepAllowed
                0x00000000001034f0       0xb0 /opt/devkitpro/libctru/lib/libctru.a(apt.o)
                0x00000000001034f0                aptSetSleepAllowed
 .text.APT_GlanceParameter
                0x00000000001035a0       0xb4 /opt/devkitpro/libctru/lib/libctru.a(apt.o)
                0x00000000001035a0                APT_GlanceParameter
 .text.APT_ReceiveParameter
                0x0000000000103654       0xc8 /opt/devkitpro/libctru/lib/libctru.a(apt.o)
                0x0000000000103654                APT_ReceiveParameter
 .text.aptReceiveParameter.constprop.0
                0x000000000010371c       0xbc /opt/devkitpro/libctru/lib/libctru.a(apt.o)
 .text.aptScreenTransfer
                0x00000000001037d8      0x1e0 /opt/devkitpro/libctru/lib/libctru.a(apt.o)
 .text.aptWaitForWakeUp
                0x00000000001039b8      0x210 /opt/devkitpro/libctru/lib/libctru.a(apt.o)
 .text.APT_CancelParameter
                0x0000000000103bc8       0x70 /opt/devkitpro/libctru/lib/libctru.a(apt.o)
                0x0000000000103bc8                APT_CancelParameter
 .text.aptInit  0x0000000000103c38      0x25c /opt/devkitpro/libctru/lib/libctru.a(apt.o)
                0x0000000000103c38                aptInit
 .text.aptClearParamQueue
                0x0000000000103e94       0x88 /opt/devkitpro/libctru/lib/libctru.a(apt.o)
 .text.aptMainLoop
                0x0000000000103f1c      0x264 /opt/devkitpro/libctru/lib/libctru.a(apt.o)
                0x0000000000103f1c                aptMainLoop
 .text.aptExit  0x0000000000104180      0x254 /opt/devkitpro/libctru/lib/libctru.a(apt.o)
                0x0000000000104180                aptExit
 .text.APT_CheckNew3DS
                0x00000000001043d4       0x7c /opt/devkitpro/libctru/lib/libctru.a(apt.o)
                0x00000000001043d4                APT_CheckNew3DS
 .text.hidCheckSectionUpdateTime.part.0
                0x0000000000104450       0x28 /opt/devkitpro/libctru/lib/libctru.a(hid.o)
 .text.hidExit  0x0000000000104478       0xd0 /opt/devkitpro/libctru/lib/libctru.a(hid.o)
                0x0000000000104478                hidExit
 .text.hidScanInput
                0x0000000000104548      0x1d8 /opt/devkitpro/libctru/lib/libctru.a(hid.o)
                0x0000000000104548                hidScanInput
 .text.hidKeysHeld
                0x0000000000104720       0x10 /opt/devkitpro/libctru/lib/libctru.a(hid.o)
                0x0000000000104720                hidKeysHeld
 .text.hidKeysDown
                0x0000000000104730       0x10 /opt/devkitpro/libctru/lib/libctru.a(hid.o)
                0x0000000000104730                hidKeysDown
 .text.hidKeysUp
                0x0000000000104740       0x10 /opt/devkitpro/libctru/lib/libctru.a(hid.o)
                0x0000000000104740                hidKeysUp
 .text.hidCircleRead
                0x0000000000104750       0x18 /opt/devkitpro/libctru/lib/libctru.a(hid.o)
                0x0000000000104750                hidCircleRead
 .text.HIDUSER_GetHandles
                0x0000000000104768       0x90 /opt/devkitpro/libctru/lib/libctru.a(hid.o)
                0x0000000000104768                HIDUSER_GetHandles
 .text.hidInit  0x00000000001047f8      0x1a4 /opt/devkitpro/libctru/lib/libctru.a(hid.o)
                0x00000000001047f8                hidInit
 .text.httpcInit
                0x000000000010499c      0x19c /opt/devkitpro/libctru/lib/libctru.a(httpc.o)
                0x000000000010499c                httpcInit
 .text.httpcExit
                0x0000000000104b38       0x94 /opt/devkitpro/libctru/lib/libctru.a(httpc.o)
                0x0000000000104b38                httpcExit
 .text.httpcOpenContext
                0x0000000000104bcc      0x14c /opt/devkitpro/libctru/lib/libctru.a(httpc.o)
                0x0000000000104bcc                httpcOpenContext
 .text.httpcCloseContext
                0x0000000000104d18       0x44 /opt/devkitpro/libctru/lib/libctru.a(httpc.o)
                0x0000000000104d18                httpcCloseContext
 .text.httpcAddRequestHeaderField
                0x0000000000104d5c       0x84 /opt/devkitpro/libctru/lib/libctru.a(httpc.o)
                0x0000000000104d5c                httpcAddRequestHeaderField
 .text.httpcAddPostDataRaw
                0x0000000000104de0       0x40 /opt/devkitpro/libctru/lib/libctru.a(httpc.o)
                0x0000000000104de0                httpcAddPostDataRaw
 .text.httpcBeginRequest
                0x0000000000104e20       0x30 /opt/devkitpro/libctru/lib/libctru.a(httpc.o)
                0x0000000000104e20                httpcBeginRequest
 .text.httpcReceiveData
                0x0000000000104e50       0x40 /opt/devkitpro/libctru/lib/libctru.a(httpc.o)
                0x0000000000104e50                httpcReceiveData
 .text.httpcDownloadData
                0x0000000000104e90       0xf8 /opt/devkitpro/libctru/lib/libctru.a(httpc.o)
                0x0000000000104e90                httpcDownloadData
 .text.httpcGetDownloadSizeState
                0x0000000000104f88       0x54 /opt/devkitpro/libctru/lib/libctru.a(httpc.o)
                0x0000000000104f88                httpcGetDownloadSizeState
 .text.httpcGetResponseHeader
                0x0000000000104fdc       0x78 /opt/devkitpro/libctru/lib/libctru.a(httpc.o)
                0x0000000000104fdc                httpcGetResponseHeader
 .text.httpcGetResponseStatusCode
                0x0000000000105054       0x3c /opt/devkitpro/libctru/lib/libctru.a(httpc.o)
                0x0000000000105054                httpcGetResponseStatusCode
 .text.httpcSetSSLOpt
                0x0000000000105090       0x34 /opt/devkitpro/libctru/lib/libctru.a(httpc.o)
                0x0000000000105090                httpcSetSSLOpt
 .text.httpcSetKeepAlive
                0x00000000001050c4       0x34 /opt/devkitpro/libctru/lib/libctru.a(httpc.o)
                0x00000000001050c4                httpcSetKeepAlive
 .text.__libctru_init
                0x00000000001050f8       0x38 /opt/devkitpro/libctru/lib/libctru.a(initSystem.o)
                0x00000000001050f8                __libctru_init
 .text.__libctru_nanosleep
                0x0000000000105130       0x34 /opt/devkitpro/libctru/lib/libctru.a(syscalls.o)
 .text.__ctru_get_reent
                0x0000000000105164       0x30 /opt/devkitpro/libctru/lib/libctru.a(syscalls.o)
 .text.__system_initSyscalls
                0x0000000000105194       0xfc /opt/devkitpro/libctru/lib/libctru.a(syscalls.o)
                0x0000000000105194                __system_initSyscalls
 .text.__system_allocateHeaps
                0x0000000000105290      0x100 /opt/devkitpro/libctru/lib/libctru.a(allocateHeaps.o)
                0x0000000000105290                __system_allocateHeaps
 .text.__system_initArgv
                0x0000000000105390       0xf0 /opt/devkitpro/libctru/lib/libctru.a(initArgv.o)
                0x0000000000105390                __system_initArgv
 .text.svcControlMemory
                0x0000000000105480       0x20 /opt/devkitpro/libctru/lib/libctru.a(svc.o)
                0x0000000000105480                svcControlMemory
 .text.svcExitProcess
                0x00000000001054a0        0x8 /opt/devkitpro/libctru/lib/libctru.a(svc.o)
                0x00000000001054a0                svcExitProcess
 .text.svcCreateThread
                0x00000000001054a8       0x20 /opt/devkitpro/libctru/lib/libctru.a(svc.o)
                0x00000000001054a8                svcCreateThread
 .text.svcExitThread
                0x00000000001054c8        0x8 /opt/devkitpro/libctru/lib/libctru.a(svc.o)
                0x00000000001054c8                svcExitThread
 .text.svcSleepThread
                0x00000000001054d0        0x8 /opt/devkitpro/libctru/lib/libctru.a(svc.o)
                0x00000000001054d0                svcSleepThread
 .text.svcReleaseMutex
                0x00000000001054d8        0x8 /opt/devkitpro/libctru/lib/libctru.a(svc.o)
                0x00000000001054d8                svcReleaseMutex
 .text.svcCreateEvent
                0x00000000001054e0       0x14 /opt/devkitpro/libctru/lib/libctru.a(svc.o)
                0x00000000001054e0                svcCreateEvent
 .text.svcSignalEvent
                0x00000000001054f4        0x8 /opt/devkitpro/libctru/lib/libctru.a(svc.o)
                0x00000000001054f4                svcSignalEvent
 .text.svcClearEvent
                0x00000000001054fc        0x8 /opt/devkitpro/libctru/lib/libctru.a(svc.o)
                0x00000000001054fc                svcClearEvent
 .text.svcCreateMemoryBlock
                0x0000000000105504       0x18 /opt/devkitpro/libctru/lib/libctru.a(svc.o)
                0x0000000000105504                svcCreateMemoryBlock
 .text.svcMapMemoryBlock
                0x000000000010551c        0x8 /opt/devkitpro/libctru/lib/libctru.a(svc.o)
                0x000000000010551c                svcMapMemoryBlock
 .text.svcUnmapMemoryBlock
                0x0000000000105524        0x8 /opt/devkitpro/libctru/lib/libctru.a(svc.o)
                0x0000000000105524                svcUnmapMemoryBlock
 .text.svcCreateAddressArbiter
                0x000000000010552c       0x14 /opt/devkitpro/libctru/lib/libctru.a(svc.o)
                0x000000000010552c                svcCreateAddressArbiter
 .text.svcArbitrateAddress
                0x0000000000105540       0x18 /opt/devkitpro/libctru/lib/libctru.a(svc.o)
                0x0000000000105540                svcArbitrateAddress
 .text.svcCloseHandle
                0x0000000000105558        0x8 /opt/devkitpro/libctru/lib/libctru.a(svc.o)
                0x0000000000105558                svcCloseHandle
 .text.svcWaitSynchronization
                0x0000000000105560        0x8 /opt/devkitpro/libctru/lib/libctru.a(svc.o)
                0x0000000000105560                svcWaitSynchronization
 .text.svcWaitSynchronizationN
                0x0000000000105568       0x28 /opt/devkitpro/libctru/lib/libctru.a(svc.o)
                0x0000000000105568                svcWaitSynchronizationN
 .text.svcDuplicateHandle
                0x0000000000105590       0x14 /opt/devkitpro/libctru/lib/libctru.a(svc.o)
                0x0000000000105590                svcDuplicateHandle
 .text.svcGetSystemTick
                0x00000000001055a4        0x8 /opt/devkitpro/libctru/lib/libctru.a(svc.o)
                0x00000000001055a4                svcGetSystemTick
 .text.svcGetSystemInfo
                0x00000000001055ac       0x18 /opt/devkitpro/libctru/lib/libctru.a(svc.o)
                0x00000000001055ac                svcGetSystemInfo
 .text.svcConnectToPort
                0x00000000001055c4       0x14 /opt/devkitpro/libctru/lib/libctru.a(svc.o)
                0x00000000001055c4                svcConnectToPort
 .text.svcSendSyncRequest
                0x00000000001055d8        0x8 /opt/devkitpro/libctru/lib/libctru.a(svc.o)
                0x00000000001055d8                svcSendSyncRequest
 .text.svcBreak
                0x00000000001055e0        0x8 /opt/devkitpro/libctru/lib/libctru.a(svc.o)
                0x00000000001055e0                svcBreak
 .text._ZL21addrMapNodeComparatorPK11rbtree_nodeS1_
                0x00000000001055e8       0x24 /opt/devkitpro/libctru/lib/libctru.a(vram.o)
 .text._ZL21addrMapNodeDestructorP11rbtree_node
                0x000000000010560c        0x4 /opt/devkitpro/libctru/lib/libctru.a(vram.o)
 .text.vramMemAlign
                0x0000000000105610      0x114 /opt/devkitpro/libctru/lib/libctru.a(vram.o)
                0x0000000000105610                vramMemAlign
 .text.vramAlloc
                0x0000000000105724        0x8 /opt/devkitpro/libctru/lib/libctru.a(vram.o)
                0x0000000000105724                vramAlloc
 .text.vramFree
                0x000000000010572c       0x54 /opt/devkitpro/libctru/lib/libctru.a(vram.o)
                0x000000000010572c                vramFree
 .text._ZL21addrMapNodeComparatorPK11rbtree_nodeS1_
                0x0000000000105780       0x24 /opt/devkitpro/libctru/lib/libctru.a(mappable.o)
 .text._ZL21addrMapNodeDestructorP11rbtree_node
                0x00000000001057a4        0x4 /opt/devkitpro/libctru/lib/libctru.a(mappable.o)
 .text.mappableAlloc
                0x00000000001057a8       0xe8 /opt/devkitpro/libctru/lib/libctru.a(mappable.o)
                0x00000000001057a8                mappableAlloc
 .text.mappableFree
                0x0000000000105890       0x54 /opt/devkitpro/libctru/lib/libctru.a(mappable.o)
                0x0000000000105890                mappableFree
 .text._ZL21addrMapNodeComparatorPK11rbtree_nodeS1_
                0x00000000001058e4       0x24 /opt/devkitpro/libctru/lib/libctru.a(linear.o)
 .text._ZL21addrMapNodeDestructorP11rbtree_node
                0x0000000000105908        0x4 /opt/devkitpro/libctru/lib/libctru.a(linear.o)
 .text.linearMemAlign
                0x000000000010590c      0x124 /opt/devkitpro/libctru/lib/libctru.a(linear.o)
                0x000000000010590c                linearMemAlign
 .text.linearAlloc
                0x0000000000105a30        0x8 /opt/devkitpro/libctru/lib/libctru.a(linear.o)
                0x0000000000105a30                linearAlloc
 .text.linearFree
                0x0000000000105a38       0x54 /opt/devkitpro/libctru/lib/libctru.a(linear.o)
                0x0000000000105a38                linearFree
 .text._ZN7MemPool13CoalesceRightEP8MemBlock
                0x0000000000105a8c       0x8c /opt/devkitpro/libctru/lib/libctru.a(mem_pool.o)
                0x0000000000105a8c                MemPool::CoalesceRight(MemBlock*)
 .text._ZN7MemPool8AllocateER8MemChunkmi
                0x0000000000105b18      0x174 /opt/devkitpro/libctru/lib/libctru.a(mem_pool.o)
                0x0000000000105b18                MemPool::Allocate(MemChunk&, unsigned long, int)
 .text._ZN7MemPool10DeallocateERK8MemChunk
                0x0000000000105c8c       0xfc /opt/devkitpro/libctru/lib/libctru.a(mem_pool.o)
                0x0000000000105c8c                MemPool::Deallocate(MemChunk const&)
 .text.LightLock_Unlock.part.0
                0x0000000000105d88       0x38 /opt/devkitpro/libctru/lib/libctru.a(synchronization.o)
 .text.__sync_init
                0x0000000000105dc0        0xc /opt/devkitpro/libctru/lib/libctru.a(synchronization.o)
                0x0000000000105dc0                __sync_init
 .text.__sync_fini
                0x0000000000105dcc       0x18 /opt/devkitpro/libctru/lib/libctru.a(synchronization.o)
                0x0000000000105dcc                __sync_fini
 .text.__sync_get_arbiter
                0x0000000000105de4       0x10 /opt/devkitpro/libctru/lib/libctru.a(synchronization.o)
                0x0000000000105de4                __sync_get_arbiter
 .text.LightLock_Init
                0x0000000000105df4       0x18 /opt/devkitpro/libctru/lib/libctru.a(synchronization.o)
                0x0000000000105df4                LightLock_Init
 .text.LightLock_Lock
                0x0000000000105e0c       0x90 /opt/devkitpro/libctru/lib/libctru.a(synchronization.o)
                0x0000000000105e0c                LightLock_Lock
 .text.LightLock_TryLock
                0x0000000000105e9c       0x34 /opt/devkitpro/libctru/lib/libctru.a(synchronization.o)
                0x0000000000105e9c                LightLock_TryLock
 .text.LightLock_Unlock
                0x0000000000105ed0       0x20 /opt/devkitpro/libctru/lib/libctru.a(synchronization.o)
                0x0000000000105ed0                LightLock_Unlock
 .text.RecursiveLock_Init
                0x0000000000105ef0       0x24 /opt/devkitpro/libctru/lib/libctru.a(synchronization.o)
                0x0000000000105ef0                RecursiveLock_Init
 .text.RecursiveLock_Lock
                0x0000000000105f14       0x30 /opt/devkitpro/libctru/lib/libctru.a(synchronization.o)
                0x0000000000105f14                RecursiveLock_Lock
 .text.RecursiveLock_TryLock
                0x0000000000105f44       0x58 /opt/devkitpro/libctru/lib/libctru.a(synchronization.o)
                0x0000000000105f44                RecursiveLock_TryLock
 .text.RecursiveLock_Unlock
                0x0000000000105f9c       0x38 /opt/devkitpro/libctru/lib/libctru.a(synchronization.o)
                0x0000000000105f9c                RecursiveLock_Unlock
 .text.LightEvent_Init
                0x0000000000105fd4       0x38 /opt/devkitpro/libctru/lib/libctru.a(synchronization.o)
                0x0000000000105fd4                LightEvent_Init
 .text.LightEvent_Clear
                0x000000000010600c       0x7c /opt/devkitpro/libctru/lib/libctru.a(synchronization.o)
                0x000000000010600c                LightEvent_Clear
 .text.LightEvent_Signal
                0x0000000000106088       0xdc /opt/devkitpro/libctru/lib/libctru.a(synchronization.o)
                0x0000000000106088                LightEvent_Signal
 .text.LightEvent_Wait
                0x0000000000106164       0xc0 /opt/devkitpro/libctru/lib/libctru.a(synchronization.o)
                0x0000000000106164                LightEvent_Wait
 .text.getSysTime
                0x0000000000106224       0x58 /opt/devkitpro/libctru/lib/libctru.a(os.o)
 .text.__ctru_speedup_config.part.0
                0x000000000010627c       0x28 /opt/devkitpro/libctru/lib/libctru.a(os.o)
 .text.osGetMemRegionUsed
                0x00000000001062a4       0x24 /opt/devkitpro/libctru/lib/libctru.a(os.o)
                0x00000000001062a4                osGetMemRegionUsed
 .text.__libctru_gtod
                0x00000000001062c8      0x128 /opt/devkitpro/libctru/lib/libctru.a(os.o)
                0x00000000001062c8                __libctru_gtod
 .text.__ctru_speedup_config
                0x00000000001063f0       0x18 /opt/devkitpro/libctru/lib/libctru.a(os.o)
                0x00000000001063f0                __ctru_speedup_config
 .text.srvExit  0x0000000000106408       0x58 /opt/devkitpro/libctru/lib/libctru.a(srv.o)
                0x0000000000106408                srvExit
 .text.srvRegisterClient
                0x0000000000106460       0x38 /opt/devkitpro/libctru/lib/libctru.a(srv.o)
                0x0000000000106460                srvRegisterClient
 .text.srvInit  0x0000000000106498       0xcc /opt/devkitpro/libctru/lib/libctru.a(srv.o)
                0x0000000000106498                srvInit
 .text.srvGetServiceHandleDirect
                0x0000000000106564       0x80 /opt/devkitpro/libctru/lib/libctru.a(srv.o)
                0x0000000000106564                srvGetServiceHandleDirect
 .text.srvGetServiceHandle
                0x00000000001065e4       0x48 /opt/devkitpro/libctru/lib/libctru.a(srv.o)
                0x00000000001065e4                srvGetServiceHandle
 .text.threadFree.part.0
                0x000000000010662c       0x1c /opt/devkitpro/libctru/lib/libctru.a(thread.o)
 .text.threadCreate
                0x0000000000106648      0x180 /opt/devkitpro/libctru/lib/libctru.a(thread.o)
                0x0000000000106648                threadCreate
 .text.threadJoin
                0x00000000001067c8       0x24 /opt/devkitpro/libctru/lib/libctru.a(thread.o)
                0x00000000001067c8                threadJoin
 .text.threadExit
                0x00000000001067ec       0x68 /opt/devkitpro/libctru/lib/libctru.a(thread.o)
                0x00000000001067ec                threadExit
 .text._thread_begin
                0x0000000000106854       0x48 /opt/devkitpro/libctru/lib/libctru.a(thread.o)
 .text.irrstScanInput
                0x000000000010689c       0xac /opt/devkitpro/libctru/lib/libctru.a(irrst.o)
                0x000000000010689c                irrstScanInput
 .text.irrstKeysHeld
                0x0000000000106948       0x24 /opt/devkitpro/libctru/lib/libctru.a(irrst.o)
                0x0000000000106948                irrstKeysHeld
 .text.IRRST_GetHandles
                0x000000000010696c       0x50 /opt/devkitpro/libctru/lib/libctru.a(irrst.o)
                0x000000000010696c                IRRST_GetHandles
 .text.irrstInit
                0x00000000001069bc      0x154 /opt/devkitpro/libctru/lib/libctru.a(irrst.o)
                0x00000000001069bc                irrstInit
 .text.IRRST_Shutdown
                0x0000000000106b10       0x2c /opt/devkitpro/libctru/lib/libctru.a(irrst.o)
                0x0000000000106b10                IRRST_Shutdown
 .text.irrstExit
                0x0000000000106b3c       0xac /opt/devkitpro/libctru/lib/libctru.a(irrst.o)
                0x0000000000106b3c                irrstExit
 .text.srvPmGetSessionHandle
                0x0000000000106be8        0xc /opt/devkitpro/libctru/lib/libctru.a(srvpm.o)
                0x0000000000106be8                srvPmGetSessionHandle
 .text.ptmSysmInit
                0x0000000000106bf4       0x74 /opt/devkitpro/libctru/lib/libctru.a(ptmsysm.o)
                0x0000000000106bf4                ptmSysmInit
 .text.ptmSysmExit
                0x0000000000106c68       0x3c /opt/devkitpro/libctru/lib/libctru.a(ptmsysm.o)
                0x0000000000106c68                ptmSysmExit
 .text.PTMSYSM_ConfigureNew3DSCPU
                0x0000000000106ca4       0x34 /opt/devkitpro/libctru/lib/libctru.a(ptmsysm.o)
                0x0000000000106ca4                PTMSYSM_ConfigureNew3DSCPU
 .text.rbtree_init
                0x0000000000106cd8       0x14 /opt/devkitpro/libctru/lib/libctru.a(rbtree_init.o)
                0x0000000000106cd8                rbtree_init
 .text.do_insert
                0x0000000000106cec      0x1a4 /opt/devkitpro/libctru/lib/libctru.a(rbtree_insert.o)
 .text.rbtree_insert
                0x0000000000106e90        0x8 /opt/devkitpro/libctru/lib/libctru.a(rbtree_insert.o)
                0x0000000000106e90                rbtree_insert
 .text.rbtree_rotate
                0x0000000000106e98       0x90 /opt/devkitpro/libctru/lib/libctru.a(rbtree_rotate.o)
                0x0000000000106e98                rbtree_rotate
 .text.rbtree_remove
                0x0000000000106f28      0x334 /opt/devkitpro/libctru/lib/libctru.a(rbtree_remove.o)
                0x0000000000106f28                rbtree_remove
 .text.rbtree_find
                0x000000000010725c       0x74 /opt/devkitpro/libctru/lib/libctru.a(rbtree_find.o)
                0x000000000010725c                rbtree_find
 .text.__appInit
                0x00000000001072d0       0x1c /opt/devkitpro/libctru/lib/libctru.a(appInit.o)
                0x00000000001072d0                __appInit
 .text.__appExit
                0x00000000001072ec       0x1c /opt/devkitpro/libctru/lib/libctru.a(appExit.o)
                0x00000000001072ec                __appExit
 .text.__libctru_exit
                0x0000000000107308       0xa0 /opt/devkitpro/libctru/lib/libctru.a(ctru_exit.o)
                0x0000000000107308                __libctru_exit
 .text.envGetHandle
                0x00000000001073a8       0x84 /opt/devkitpro/libctru/lib/libctru.a(env.o)
                0x00000000001073a8                envGetHandle
 .text.envDestroyHandles
                0x000000000010742c       0x4c /opt/devkitpro/libctru/lib/libctru.a(env.o)
                0x000000000010742c                envDestroyHandles
 .text.sdmc_link
                0x0000000000107478       0x14 /opt/devkitpro/libctru/lib/libctru.a(sdmc_dev.o)
 .text.sdmc_dirreset
                0x000000000010748c       0x14 /opt/devkitpro/libctru/lib/libctru.a(sdmc_dev.o)
 .text.sdmc_chmod
                0x00000000001074a0       0x14 /opt/devkitpro/libctru/lib/libctru.a(sdmc_dev.o)
 .text.error_cmp
                0x00000000001074b4       0x24 /opt/devkitpro/libctru/lib/libctru.a(sdmc_dev.o)
 .text.sdmc_translate_error
                0x00000000001074d8       0x50 /opt/devkitpro/libctru/lib/libctru.a(sdmc_dev.o)
 .text.sdmc_fsync
                0x0000000000107528       0x34 /opt/devkitpro/libctru/lib/libctru.a(sdmc_dev.o)
 .text.sdmc_ftruncate
                0x000000000010755c       0x54 /opt/devkitpro/libctru/lib/libctru.a(sdmc_dev.o)
 .text.sdmc_statvfs
                0x00000000001075b0       0xbc /opt/devkitpro/libctru/lib/libctru.a(sdmc_dev.o)
 .text.sdmc_dirclose
                0x000000000010766c       0x38 /opt/devkitpro/libctru/lib/libctru.a(sdmc_dev.o)
 .text.sdmc_dirnext
                0x00000000001076a4      0x13c /opt/devkitpro/libctru/lib/libctru.a(sdmc_dev.o)
 .text.sdmc_close
                0x00000000001077e0       0x34 /opt/devkitpro/libctru/lib/libctru.a(sdmc_dev.o)
 .text.sdmc_fstat
                0x0000000000107814       0x70 /opt/devkitpro/libctru/lib/libctru.a(sdmc_dev.o)
 .text.sdmc_seek
                0x0000000000107884       0xd4 /opt/devkitpro/libctru/lib/libctru.a(sdmc_dev.o)
 .text.sdmc_read
                0x0000000000107958       0x78 /opt/devkitpro/libctru/lib/libctru.a(sdmc_dev.o)
 .text.sdmc_write
                0x00000000001079d0       0xac /opt/devkitpro/libctru/lib/libctru.a(sdmc_dev.o)
 .text.sdmc_utf16path
                0x0000000000107a7c      0x1b0 /opt/devkitpro/libctru/lib/libctru.a(sdmc_dev.o)
 .text.sdmc_rmdir
                0x0000000000107c2c       0x74 /opt/devkitpro/libctru/lib/libctru.a(sdmc_dev.o)
 .text.sdmc_diropen
                0x0000000000107ca0       0xa4 /opt/devkitpro/libctru/lib/libctru.a(sdmc_dev.o)
 .text.sdmc_chdir
                0x0000000000107d44       0xac /opt/devkitpro/libctru/lib/libctru.a(sdmc_dev.o)
 .text.sdmc_mkdir
                0x0000000000107df0       0x98 /opt/devkitpro/libctru/lib/libctru.a(sdmc_dev.o)
 .text.sdmc_rename
                0x0000000000107e88      0x108 /opt/devkitpro/libctru/lib/libctru.a(sdmc_dev.o)
 .text.sdmc_unlink
                0x0000000000107f90       0x74 /opt/devkitpro/libctru/lib/libctru.a(sdmc_dev.o)
 .text.sdmc_stat
                0x0000000000108004      0x108 /opt/devkitpro/libctru/lib/libctru.a(sdmc_dev.o)
 .text.sdmc_open
                0x000000000010810c      0x198 /opt/devkitpro/libctru/lib/libctru.a(sdmc_dev.o)
 .text.sdmc_fchmod
                0x00000000001082a4       0x14 /opt/devkitpro/libctru/lib/libctru.a(sdmc_dev.o)
 .text.sdmcInit
                0x00000000001082b8      0x168 /opt/devkitpro/libctru/lib/libctru.a(sdmc_dev.o)
                0x00000000001082b8                sdmcInit
 .text.sdmcExit
                0x0000000000108420       0x60 /opt/devkitpro/libctru/lib/libctru.a(sdmc_dev.o)
                0x0000000000108420                sdmcExit
 .text.fsSessionForArchive.part.0
                0x0000000000108480       0x28 /opt/devkitpro/libctru/lib/libctru.a(fs.o)
 .text.fsInit   0x00000000001084a8       0xc4 /opt/devkitpro/libctru/lib/libctru.a(fs.o)
                0x00000000001084a8                fsInit
 .text.fsExit   0x000000000010856c       0x3c /opt/devkitpro/libctru/lib/libctru.a(fs.o)
                0x000000000010856c                fsExit
 .text.fsExemptFromSession
                0x00000000001085a8       0x64 /opt/devkitpro/libctru/lib/libctru.a(fs.o)
                0x00000000001085a8                fsExemptFromSession
 .text.fsUnexemptFromSession
                0x000000000010860c       0x5c /opt/devkitpro/libctru/lib/libctru.a(fs.o)
                0x000000000010860c                fsUnexemptFromSession
 .text.FSUSER_OpenFile
                0x0000000000108668       0xbc /opt/devkitpro/libctru/lib/libctru.a(fs.o)
                0x0000000000108668                FSUSER_OpenFile
 .text.FSUSER_DeleteFile
                0x0000000000108724       0xac /opt/devkitpro/libctru/lib/libctru.a(fs.o)
                0x0000000000108724                FSUSER_DeleteFile
 .text.FSUSER_RenameFile
                0x00000000001087d0       0xe8 /opt/devkitpro/libctru/lib/libctru.a(fs.o)
                0x00000000001087d0                FSUSER_RenameFile
 .text.FSUSER_DeleteDirectory
                0x00000000001088b8       0xac /opt/devkitpro/libctru/lib/libctru.a(fs.o)
                0x00000000001088b8                FSUSER_DeleteDirectory
 .text.FSUSER_CreateFile
                0x0000000000108964       0xc4 /opt/devkitpro/libctru/lib/libctru.a(fs.o)
                0x0000000000108964                FSUSER_CreateFile
 .text.FSUSER_CreateDirectory
                0x0000000000108a28       0xb4 /opt/devkitpro/libctru/lib/libctru.a(fs.o)
                0x0000000000108a28                FSUSER_CreateDirectory
 .text.FSUSER_RenameDirectory
                0x0000000000108adc       0xe8 /opt/devkitpro/libctru/lib/libctru.a(fs.o)
                0x0000000000108adc                FSUSER_RenameDirectory
 .text.FSUSER_OpenDirectory
                0x0000000000108bc4       0xa0 /opt/devkitpro/libctru/lib/libctru.a(fs.o)
                0x0000000000108bc4                FSUSER_OpenDirectory
 .text.FSUSER_OpenArchive
                0x0000000000108c64       0x98 /opt/devkitpro/libctru/lib/libctru.a(fs.o)
                0x0000000000108c64                FSUSER_OpenArchive
 .text.FSUSER_CloseArchive
                0x0000000000108cfc       0x78 /opt/devkitpro/libctru/lib/libctru.a(fs.o)
                0x0000000000108cfc                FSUSER_CloseArchive
 .text.FSUSER_GetSdmcArchiveResource
                0x0000000000108d74       0x78 /opt/devkitpro/libctru/lib/libctru.a(fs.o)
                0x0000000000108d74                FSUSER_GetSdmcArchiveResource
 .text.FSUSER_IsSdmcWritable
                0x0000000000108dec       0x64 /opt/devkitpro/libctru/lib/libctru.a(fs.o)
                0x0000000000108dec                FSUSER_IsSdmcWritable
 .text.FSFILE_Read
                0x0000000000108e50       0x5c /opt/devkitpro/libctru/lib/libctru.a(fs.o)
                0x0000000000108e50                FSFILE_Read
 .text.FSFILE_Write
                0x0000000000108eac       0x64 /opt/devkitpro/libctru/lib/libctru.a(fs.o)
                0x0000000000108eac                FSFILE_Write
 .text.FSFILE_GetSize
                0x0000000000108f10       0x38 /opt/devkitpro/libctru/lib/libctru.a(fs.o)
                0x0000000000108f10                FSFILE_GetSize
 .text.FSFILE_SetSize
                0x0000000000108f48       0x28 /opt/devkitpro/libctru/lib/libctru.a(fs.o)
                0x0000000000108f48                FSFILE_SetSize
 .text.FSFILE_Close
                0x0000000000108f70       0x3c /opt/devkitpro/libctru/lib/libctru.a(fs.o)
                0x0000000000108f70                FSFILE_Close
 .text.FSFILE_Flush
                0x0000000000108fac       0x24 /opt/devkitpro/libctru/lib/libctru.a(fs.o)
                0x0000000000108fac                FSFILE_Flush
 .text.FSDIR_Read
                0x0000000000108fd0       0x54 /opt/devkitpro/libctru/lib/libctru.a(fs.o)
                0x0000000000108fd0                FSDIR_Read
 .text.FSDIR_Close
                0x0000000000109024       0x3c /opt/devkitpro/libctru/lib/libctru.a(fs.o)
                0x0000000000109024                FSDIR_Close
 .text.rbtree_node_next
                0x0000000000109060       0x50 /opt/devkitpro/libctru/lib/libctru.a(rbtree_iterator.o)
                0x0000000000109060                rbtree_node_next
 .text.utf16_to_utf8
                0x00000000001090b0       0xe8 /opt/devkitpro/libctru/lib/libctru.a(utf16_to_utf8.o)
                0x00000000001090b0                utf16_to_utf8
 .text.decode_utf16
                0x0000000000109198       0x60 /opt/devkitpro/libctru/lib/libctru.a(decode_utf16.o)
                0x0000000000109198                decode_utf16
 .text.decode_utf8
                0x00000000001091f8      0x138 /opt/devkitpro/libctru/lib/libctru.a(decode_utf8.o)
                0x00000000001091f8                decode_utf8
 .text.utf8_to_utf16
                0x0000000000109330       0xc0 /opt/devkitpro/libctru/lib/libctru.a(utf8_to_utf16.o)
                0x0000000000109330                utf8_to_utf16
 .text.__aeabi_read_tp
                0x00000000001093f0        0xc /opt/devkitpro/libctru/lib/libctru.a(readtp.o)
                0x00000000001093f0                __aeabi_read_tp
 .text.encode_utf16
                0x00000000001093fc       0x68 /opt/devkitpro/libctru/lib/libctru.a(encode_utf16.o)
                0x00000000001093fc                encode_utf16
 .text.encode_utf8
                0x0000000000109464      0x104 /opt/devkitpro/libctru/lib/libctru.a(encode_utf8.o)
                0x0000000000109464                encode_utf8
 .text.__fixdfdi
                0x0000000000109568       0x38 /opt/devkitpro/devkitARM/lib/gcc/arm-none-eabi/9.1.0/armv6k/fpu/libgcc.a(_fixdfdi.o)
                0x0000000000109568                __aeabi_d2lz
                0x0000000000109568                __fixdfdi
 .text.__fixunsdfdi
                0x00000000001095a0       0x40 /opt/devkitpro/devkitARM/lib/gcc/arm-none-eabi/9.1.0/armv6k/fpu/libgcc.a(_fixunsdfdi.o)
                0x00000000001095a0                __aeabi_d2ulz
                0x00000000001095a0                __fixunsdfdi
 .text.__udivmoddi4
                0x00000000001095e0      0x130 /opt/devkitpro/devkitARM/lib/gcc/arm-none-eabi/9.1.0/armv6k/fpu/libgcc.a(_udivmoddi4.o)
                0x00000000001095e0                __udivmoddi4
 .text.bsearch  0x0000000000109710       0x7c /opt/devkitpro/devkitARM/lib/gcc/arm-none-eabi/9.1.0/../../../../arm-none-eabi/lib/armv6k/fpu/libg.a(lib_a-bsearch.o)
                0x0000000000109710                bsearch
 .text.exit     0x000000000010978c       0x34 /opt/devkitpro/devkitARM/lib/gcc/arm-none-eabi/9.1.0/../../../../arm-none-eabi/lib/armv6k/fpu/libg.a(lib_a-exit.o)
                0x000000000010978c                exit
 .text.__libc_fini_array
                0x00000000001097c0       0x3c /opt/devkitpro/devkitARM/lib/gcc/arm-none-eabi/9.1.0/../../../../arm-none-eabi/lib/armv6k/fpu/libg.a(lib_a-fini.o)
                0x00000000001097c0                __libc_fini_array
 .text.__libc_init_array
                0x00000000001097fc       0x7c /opt/devkitpro/devkitARM/lib/gcc/arm-none-eabi/9.1.0/../../../../arm-none-eabi/lib/armv6k/fpu/libg.a(lib_a-init.o)
                0x00000000001097fc                __libc_init_array
 .text.memalign
                0x0000000000109878       0x28 /opt/devkitpro/devkitARM/lib/gcc/arm-none-eabi/9.1.0/../../../../arm-none-eabi/lib/armv6k/fpu/libg.a(lib_a-malign.o)
                0x0000000000109878                memalign
 .text._memalign_r
                0x00000000001098a0      0x14c /opt/devkitpro/devkitARM/lib/gcc/arm-none-eabi/9.1.0/../../../../arm-none-eabi/lib/armv6k/fpu/libg.a(lib_a-malignr.o)
                0x00000000001098a0                _memalign_r
 .text.malloc   0x00000000001099ec       0x20 /opt/devkitpro/devkitARM/lib/gcc/arm-none-eabi/9.1.0/../../../../arm-none-eabi/lib/armv6k/fpu/libg.a(lib_a-malloc.o)
                0x00000000001099ec                malloc
 .text.free     0x0000000000109a0c       0x20 /opt/devkitpro/devkitARM/lib/gcc/arm-none-eabi/9.1.0/../../../../arm-none-eabi/lib/armv6k/fpu/libg.a(lib_a-malloc.o)
                0x0000000000109a0c                free
 .text._malloc_r
                0x0000000000109a2c      0x7d0 /opt/devkitpro/devkitARM/lib/gcc/arm-none-eabi/9.1.0/../../../../arm-none-eabi/lib/armv6k/fpu/libg.a(lib_a-mallocr.o)
                0x0000000000109a2c                _malloc_r
 .text.memchr   0x000000000010a1fc       0xe0 /opt/devkitpro/devkitARM/lib/gcc/arm-none-eabi/9.1.0/../../../../arm-none-eabi/lib/armv6k/fpu/libg.a(lib_a-memchr-stub.o)
                0x000000000010a1fc                memchr
 .text.memcpy   0x000000000010a2dc      0x120 /opt/devkitpro/devkitARM/lib/gcc/arm-none-eabi/9.1.0/../../../../arm-none-eabi/lib/armv6k/fpu/libg.a(lib_a-memcpy-stub.o)
                0x000000000010a2dc                memcpy
 .text.memset   0x000000000010a3fc      0x118 /opt/devkitpro/devkitARM/lib/gcc/arm-none-eabi/9.1.0/../../../../arm-none-eabi/lib/armv6k/fpu/libg.a(lib_a-memset.o)
                0x000000000010a3fc                memset
 .text.__malloc_lock
                0x000000000010a514        0xc /opt/devkitpro/devkitARM/lib/gcc/arm-none-eabi/9.1.0/../../../../arm-none-eabi/lib/armv6k/fpu/libg.a(lib_a-mlock.o)
                0x000000000010a514                __malloc_lock
 .text.__malloc_unlock
                0x000000000010a520        0xc /opt/devkitpro/devkitARM/lib/gcc/arm-none-eabi/9.1.0/../../../../arm-none-eabi/lib/armv6k/fpu/libg.a(lib_a-mlock.o)
                0x000000000010a520                __malloc_unlock
 .text.printf   0x000000000010a52c       0x34 /opt/devkitpro/devkitARM/lib/gcc/arm-none-eabi/9.1.0/../../../../arm-none-eabi/lib/armv6k/fpu/libg.a(lib_a-printf.o)
                0x000000000010a52c                printf
 .text.putchar  0x000000000010a560       0x24 /opt/devkitpro/devkitARM/lib/gcc/arm-none-eabi/9.1.0/../../../../arm-none-eabi/lib/armv6k/fpu/libg.a(lib_a-putchar.o)
                0x000000000010a560                putchar
 .text._putc_r  0x000000000010a584       0xdc /opt/devkitpro/devkitARM/lib/gcc/arm-none-eabi/9.1.0/../../../../arm-none-eabi/lib/armv6k/fpu/libg.a(lib_a-putc.o)
                0x000000000010a584                _putc_r
 .text.realloc  0x000000000010a660       0x28 /opt/devkitpro/devkitARM/lib/gcc/arm-none-eabi/9.1.0/../../../../arm-none-eabi/lib/armv6k/fpu/libg.a(lib_a-realloc.o)
                0x000000000010a660                realloc
 .text._realloc_r
                0x000000000010a688      0x4bc /opt/devkitpro/devkitARM/lib/gcc/arm-none-eabi/9.1.0/../../../../arm-none-eabi/lib/armv6k/fpu/libg.a(lib_a-reallocr.o)
                0x000000000010a688                _realloc_r
 .text.setvbuf  0x000000000010ab44      0x260 /opt/devkitpro/devkitARM/lib/gcc/arm-none-eabi/9.1.0/../../../../arm-none-eabi/lib/armv6k/fpu/libg.a(lib_a-setvbuf.o)
                0x000000000010ab44                setvbuf
 .text.sprintf  0x000000000010ada4       0x64 /opt/devkitpro/devkitARM/lib/gcc/arm-none-eabi/9.1.0/../../../../arm-none-eabi/lib/armv6k/fpu/libg.a(lib_a-sprintf.o)
                0x000000000010ada4                sprintf
 .text.sscanf   0x000000000010ae08       0x74 /opt/devkitpro/devkitARM/lib/gcc/arm-none-eabi/9.1.0/../../../../arm-none-eabi/lib/armv6k/fpu/libg.a(lib_a-sscanf.o)
                0x000000000010ae08                sscanf
 .text.__sread  0x000000000010ae7c       0x3c /opt/devkitpro/devkitARM/lib/gcc/arm-none-eabi/9.1.0/../../../../arm-none-eabi/lib/armv6k/fpu/libg.a(lib_a-stdio.o)
                0x000000000010ae7c                __sread
 .text.__seofread
                0x000000000010aeb8        0x8 /opt/devkitpro/devkitARM/lib/gcc/arm-none-eabi/9.1.0/../../../../arm-none-eabi/lib/armv6k/fpu/libg.a(lib_a-stdio.o)
                0x000000000010aeb8                __seofread
 .text.__swrite
                0x000000000010aec0       0x68 /opt/devkitpro/devkitARM/lib/gcc/arm-none-eabi/9.1.0/../../../../arm-none-eabi/lib/armv6k/fpu/libg.a(lib_a-stdio.o)
                0x000000000010aec0                __swrite
 .text.__sseek  0x000000000010af28       0x58 /opt/devkitpro/devkitARM/lib/gcc/arm-none-eabi/9.1.0/../../../../arm-none-eabi/lib/armv6k/fpu/libg.a(lib_a-stdio.o)
                0x000000000010af28                __sseek
 .text.__sclose
                0x000000000010af80        0x8 /opt/devkitpro/devkitARM/lib/gcc/arm-none-eabi/9.1.0/../../../../arm-none-eabi/lib/armv6k/fpu/libg.a(lib_a-stdio.o)
                0x000000000010af80                __sclose
 .text.stpcpy   0x000000000010af88       0x70 /opt/devkitpro/devkitARM/lib/gcc/arm-none-eabi/9.1.0/../../../../arm-none-eabi/lib/armv6k/fpu/libg.a(lib_a-stpcpy.o)
                0x000000000010af88                stpcpy
 .text.strcpy   0x000000000010aff8       0xf0 /opt/devkitpro/devkitARM/lib/gcc/arm-none-eabi/9.1.0/../../../../arm-none-eabi/lib/armv6k/fpu/libg.a(lib_a-strcpy.o)
                0x000000000010aff8                strcpy
 .text.strlen   0x000000000010b0e8       0x5c /opt/devkitpro/devkitARM/lib/gcc/arm-none-eabi/9.1.0/../../../../arm-none-eabi/lib/armv6k/fpu/libg.a(lib_a-strlen-stub.o)
                0x000000000010b0e8                strlen
 .text.strncat  0x000000000010b144       0x98 /opt/devkitpro/devkitARM/lib/gcc/arm-none-eabi/9.1.0/../../../../arm-none-eabi/lib/armv6k/fpu/libg.a(lib_a-strncat.o)
                0x000000000010b144                strncat
 .text.strncpy  0x000000000010b1dc       0xc0 /opt/devkitpro/devkitARM/lib/gcc/arm-none-eabi/9.1.0/../../../../arm-none-eabi/lib/armv6k/fpu/libg.a(lib_a-strncpy.o)
                0x000000000010b1dc                strncpy
 .text.strnlen  0x000000000010b29c       0x48 /opt/devkitpro/devkitARM/lib/gcc/arm-none-eabi/9.1.0/../../../../arm-none-eabi/lib/armv6k/fpu/libg.a(lib_a-strnlen.o)
                0x000000000010b29c                strnlen
 .text.get_arg  0x000000000010b2e4      0x650 /opt/devkitpro/devkitARM/lib/gcc/arm-none-eabi/9.1.0/../../../../arm-none-eabi/lib/armv6k/fpu/libg.a(lib_a-svfprintf.o)
 *fill*         0x000000000010b934        0x4 
 .text._svfprintf_r
                0x000000000010b938     0x3814 /opt/devkitpro/devkitARM/lib/gcc/arm-none-eabi/9.1.0/../../../../arm-none-eabi/lib/armv6k/fpu/libg.a(lib_a-svfprintf.o)
                0x000000000010b938                _svfprintf_r
 .text.get_arg  0x000000000010f14c       0x48 /opt/devkitpro/devkitARM/lib/gcc/arm-none-eabi/9.1.0/../../../../arm-none-eabi/lib/armv6k/fpu/libg.a(lib_a-svfscanf.o)
 .text.__ssvfscanf_r
                0x000000000010f194     0x2b84 /opt/devkitpro/devkitARM/lib/gcc/arm-none-eabi/9.1.0/../../../../arm-none-eabi/lib/armv6k/fpu/libg.a(lib_a-svfscanf.o)
                0x000000000010f194                __ssvfscanf_r
 .text.__sprint_r
                0x0000000000111d18       0x34 /opt/devkitpro/devkitARM/lib/gcc/arm-none-eabi/9.1.0/../../../../arm-none-eabi/lib/armv6k/fpu/libg.a(lib_a-vfiprintf.o)
                0x0000000000111d18                __sprint_r
 .text.get_arg  0x0000000000111d4c      0x650 /opt/devkitpro/devkitARM/lib/gcc/arm-none-eabi/9.1.0/../../../../arm-none-eabi/lib/armv6k/fpu/libg.a(lib_a-vfprintf.o)
 *fill*         0x000000000011239c        0x4 
 .text._vfprintf_r
                0x00000000001123a0     0x38e0 /opt/devkitpro/devkitARM/lib/gcc/arm-none-eabi/9.1.0/../../../../arm-none-eabi/lib/armv6k/fpu/libg.a(lib_a-vfprintf.o)
                0x00000000001123a0                _vfprintf_r
 .text.__sbprintf
                0x0000000000115c80       0xd4 /opt/devkitpro/devkitARM/lib/gcc/arm-none-eabi/9.1.0/../../../../arm-none-eabi/lib/armv6k/fpu/libg.a(lib_a-vfprintf.o)
 .text.__swbuf_r
                0x0000000000115d54      0x108 /opt/devkitpro/devkitARM/lib/gcc/arm-none-eabi/9.1.0/../../../../arm-none-eabi/lib/armv6k/fpu/libg.a(lib_a-wbuf.o)
                0x0000000000115d54                __swbuf_r
 .text._wcrtomb_r
                0x0000000000115e5c       0x54 /opt/devkitpro/devkitARM/lib/gcc/arm-none-eabi/9.1.0/../../../../arm-none-eabi/lib/armv6k/fpu/libg.a(lib_a-wcrtomb.o)
                0x0000000000115e5c                _wcrtomb_r
 .text._wcsrtombs_r
                0x0000000000115eb0       0x20 /opt/devkitpro/devkitARM/lib/gcc/arm-none-eabi/9.1.0/../../../../arm-none-eabi/lib/armv6k/fpu/libg.a(lib_a-wcsrtombs.o)
                0x0000000000115eb0                _wcsrtombs_r
 .text.__swsetup_r
                0x0000000000115ed0      0x150 /opt/devkitpro/devkitARM/lib/gcc/arm-none-eabi/9.1.0/../../../../arm-none-eabi/lib/armv6k/fpu/libg.a(lib_a-wsetup.o)
                0x0000000000115ed0                __swsetup_r
 .text.__call_exitprocs
                0x0000000000116020      0x118 /opt/devkitpro/devkitARM/lib/gcc/arm-none-eabi/9.1.0/../../../../arm-none-eabi/lib/armv6k/fpu/libg.a(lib_a-__call_atexit.o)
                0x0000000000116020                __call_exitprocs
 .text.quorem   0x0000000000116138      0x1a8 /opt/devkitpro/devkitARM/lib/gcc/arm-none-eabi/9.1.0/../../../../arm-none-eabi/lib/armv6k/fpu/libg.a(lib_a-dtoa.o)
 .text._dtoa_r  0x00000000001162e0     0x12ac /opt/devkitpro/devkitARM/lib/gcc/arm-none-eabi/9.1.0/../../../../arm-none-eabi/lib/armv6k/fpu/libg.a(lib_a-dtoa.o)
                0x00000000001162e0                _dtoa_r
 .text.__sflush_r
                0x000000000011758c      0x278 /opt/devkitpro/devkitARM/lib/gcc/arm-none-eabi/9.1.0/../../../../arm-none-eabi/lib/armv6k/fpu/libg.a(lib_a-fflush.o)
                0x000000000011758c                __sflush_r
 .text._fflush_r
                0x0000000000117804       0x94 /opt/devkitpro/devkitARM/lib/gcc/arm-none-eabi/9.1.0/../../../../arm-none-eabi/lib/armv6k/fpu/libg.a(lib_a-fflush.o)
                0x0000000000117804                _fflush_r
 .text.std      0x0000000000117898       0x78 /opt/devkitpro/devkitARM/lib/gcc/arm-none-eabi/9.1.0/../../../../arm-none-eabi/lib/armv6k/fpu/libg.a(lib_a-findfp.o)
 .text._cleanup_r
                0x0000000000117910        0xc /opt/devkitpro/devkitARM/lib/gcc/arm-none-eabi/9.1.0/../../../../arm-none-eabi/lib/armv6k/fpu/libg.a(lib_a-findfp.o)
                0x0000000000117910                _cleanup_r
 .text.__sinit  0x000000000011791c       0x8c /opt/devkitpro/devkitARM/lib/gcc/arm-none-eabi/9.1.0/../../../../arm-none-eabi/lib/armv6k/fpu/libg.a(lib_a-findfp.o)
                0x000000000011791c                __sinit
 .text.__sfp_lock_acquire
                0x00000000001179a8        0xc /opt/devkitpro/devkitARM/lib/gcc/arm-none-eabi/9.1.0/../../../../arm-none-eabi/lib/armv6k/fpu/libg.a(lib_a-findfp.o)
                0x00000000001179a8                __sfp_lock_acquire
 .text.__sfp_lock_release
                0x00000000001179b4        0xc /opt/devkitpro/devkitARM/lib/gcc/arm-none-eabi/9.1.0/../../../../arm-none-eabi/lib/armv6k/fpu/libg.a(lib_a-findfp.o)
                0x00000000001179b4                __sfp_lock_release
 .text._malloc_trim_r
                0x00000000001179c0       0xf8 /opt/devkitpro/devkitARM/lib/gcc/arm-none-eabi/9.1.0/../../../../arm-none-eabi/lib/armv6k/fpu/libg.a(lib_a-freer.o)
                0x00000000001179c0                _malloc_trim_r
 .text._free_r  0x0000000000117ab8      0x2e8 /opt/devkitpro/devkitARM/lib/gcc/arm-none-eabi/9.1.0/../../../../arm-none-eabi/lib/armv6k/fpu/libg.a(lib_a-freer.o)
                0x0000000000117ab8                _free_r
 .text.__sfvwrite_r
                0x0000000000117da0      0x4a4 /opt/devkitpro/devkitARM/lib/gcc/arm-none-eabi/9.1.0/../../../../arm-none-eabi/lib/armv6k/fpu/libg.a(lib_a-fvwrite.o)
                0x0000000000117da0                __sfvwrite_r
 .text._fwalk_reent
                0x0000000000118244       0x70 /opt/devkitpro/devkitARM/lib/gcc/arm-none-eabi/9.1.0/../../../../arm-none-eabi/lib/armv6k/fpu/libg.a(lib_a-fwalk.o)
                0x0000000000118244                _fwalk_reent
 .text.iswspace
                0x00000000001182b4        0x8 /opt/devkitpro/devkitARM/lib/gcc/arm-none-eabi/9.1.0/../../../../arm-none-eabi/lib/armv6k/fpu/libg.a(lib_a-iswspace.o)
                0x00000000001182b4                iswspace
 .text._localeconv_r
                0x00000000001182bc        0xc /opt/devkitpro/devkitARM/lib/gcc/arm-none-eabi/9.1.0/../../../../arm-none-eabi/lib/armv6k/fpu/libg.a(lib_a-localeconv.o)
                0x00000000001182bc                _localeconv_r
 .text.__locale_mb_cur_max
                0x00000000001182c8       0x10 /opt/devkitpro/devkitARM/lib/gcc/arm-none-eabi/9.1.0/../../../../arm-none-eabi/lib/armv6k/fpu/libg.a(lib_a-locale.o)
                0x00000000001182c8                __locale_mb_cur_max
 .text.__swhatbuf_r
                0x00000000001182d8       0x94 /opt/devkitpro/devkitARM/lib/gcc/arm-none-eabi/9.1.0/../../../../arm-none-eabi/lib/armv6k/fpu/libg.a(lib_a-makebuf.o)
                0x00000000001182d8                __swhatbuf_r
 .text.__smakebuf_r
                0x000000000011836c       0xf8 /opt/devkitpro/devkitARM/lib/gcc/arm-none-eabi/9.1.0/../../../../arm-none-eabi/lib/armv6k/fpu/libg.a(lib_a-makebuf.o)
                0x000000000011836c                __smakebuf_r
 .text._mbrtowc_r
                0x0000000000118464       0x60 /opt/devkitpro/devkitARM/lib/gcc/arm-none-eabi/9.1.0/../../../../arm-none-eabi/lib/armv6k/fpu/libg.a(lib_a-mbrtowc.o)
                0x0000000000118464                _mbrtowc_r
 .text.__utf8_mbtowc
                0x00000000001184c4      0x2fc /opt/devkitpro/devkitARM/lib/gcc/arm-none-eabi/9.1.0/../../../../arm-none-eabi/lib/armv6k/fpu/libg.a(lib_a-mbtowc_r.o)
                0x00000000001184c4                __utf8_mbtowc
 .text.memmove  0x00000000001187c0      0x154 /opt/devkitpro/devkitARM/lib/gcc/arm-none-eabi/9.1.0/../../../../arm-none-eabi/lib/armv6k/fpu/libg.a(lib_a-memmove.o)
                0x00000000001187c0                memmove
 .text._Balloc  0x0000000000118914       0x88 /opt/devkitpro/devkitARM/lib/gcc/arm-none-eabi/9.1.0/../../../../arm-none-eabi/lib/armv6k/fpu/libg.a(lib_a-mprec.o)
                0x0000000000118914                _Balloc
 .text._Bfree   0x000000000011899c       0x1c /opt/devkitpro/devkitARM/lib/gcc/arm-none-eabi/9.1.0/../../../../arm-none-eabi/lib/armv6k/fpu/libg.a(lib_a-mprec.o)
                0x000000000011899c                _Bfree
 .text.__multadd
                0x00000000001189b8       0xd0 /opt/devkitpro/devkitARM/lib/gcc/arm-none-eabi/9.1.0/../../../../arm-none-eabi/lib/armv6k/fpu/libg.a(lib_a-mprec.o)
                0x00000000001189b8                __multadd
 .text.__s2b    0x0000000000118a88       0xec /opt/devkitpro/devkitARM/lib/gcc/arm-none-eabi/9.1.0/../../../../arm-none-eabi/lib/armv6k/fpu/libg.a(lib_a-mprec.o)
                0x0000000000118a88                __s2b
 .text.__hi0bits
                0x0000000000118b74       0x58 /opt/devkitpro/devkitARM/lib/gcc/arm-none-eabi/9.1.0/../../../../arm-none-eabi/lib/armv6k/fpu/libg.a(lib_a-mprec.o)
                0x0000000000118b74                __hi0bits
 .text.__lo0bits
                0x0000000000118bcc       0x9c /opt/devkitpro/devkitARM/lib/gcc/arm-none-eabi/9.1.0/../../../../arm-none-eabi/lib/armv6k/fpu/libg.a(lib_a-mprec.o)
                0x0000000000118bcc                __lo0bits
 .text.__i2b    0x0000000000118c68       0x20 /opt/devkitpro/devkitARM/lib/gcc/arm-none-eabi/9.1.0/../../../../arm-none-eabi/lib/armv6k/fpu/libg.a(lib_a-mprec.o)
                0x0000000000118c68                __i2b
 .text.__multiply
                0x0000000000118c88      0x1e0 /opt/devkitpro/devkitARM/lib/gcc/arm-none-eabi/9.1.0/../../../../arm-none-eabi/lib/armv6k/fpu/libg.a(lib_a-mprec.o)
                0x0000000000118c88                __multiply
 .text.__pow5mult
                0x0000000000118e68      0x100 /opt/devkitpro/devkitARM/lib/gcc/arm-none-eabi/9.1.0/../../../../arm-none-eabi/lib/armv6k/fpu/libg.a(lib_a-mprec.o)
                0x0000000000118e68                __pow5mult
 .text.__lshift
                0x0000000000118f68      0x114 /opt/devkitpro/devkitARM/lib/gcc/arm-none-eabi/9.1.0/../../../../arm-none-eabi/lib/armv6k/fpu/libg.a(lib_a-mprec.o)
                0x0000000000118f68                __lshift
 .text.__mcmp   0x000000000011907c       0x58 /opt/devkitpro/devkitARM/lib/gcc/arm-none-eabi/9.1.0/../../../../arm-none-eabi/lib/armv6k/fpu/libg.a(lib_a-mprec.o)
                0x000000000011907c                __mcmp
 .text.__mdiff  0x00000000001190d4      0x190 /opt/devkitpro/devkitARM/lib/gcc/arm-none-eabi/9.1.0/../../../../arm-none-eabi/lib/armv6k/fpu/libg.a(lib_a-mprec.o)
                0x00000000001190d4                __mdiff
 .text.__ulp    0x0000000000119264       0x88 /opt/devkitpro/devkitARM/lib/gcc/arm-none-eabi/9.1.0/../../../../arm-none-eabi/lib/armv6k/fpu/libg.a(lib_a-mprec.o)
                0x0000000000119264                __ulp
 .text.__b2d    0x00000000001192ec       0xd4 /opt/devkitpro/devkitARM/lib/gcc/arm-none-eabi/9.1.0/../../../../arm-none-eabi/lib/armv6k/fpu/libg.a(lib_a-mprec.o)
                0x00000000001192ec                __b2d
 .text.__d2b    0x00000000001193c0      0x104 /opt/devkitpro/devkitARM/lib/gcc/arm-none-eabi/9.1.0/../../../../arm-none-eabi/lib/armv6k/fpu/libg.a(lib_a-mprec.o)
                0x00000000001193c0                __d2b
 .text.__ratio  0x00000000001194c4       0x84 /opt/devkitpro/devkitARM/lib/gcc/arm-none-eabi/9.1.0/../../../../arm-none-eabi/lib/armv6k/fpu/libg.a(lib_a-mprec.o)
                0x00000000001194c4                __ratio
 .text.__copybits
                0x0000000000119548       0x6c /opt/devkitpro/devkitARM/lib/gcc/arm-none-eabi/9.1.0/../../../../arm-none-eabi/lib/armv6k/fpu/libg.a(lib_a-mprec.o)
                0x0000000000119548                __copybits
 .text.__any_on
                0x00000000001195b4       0x5c /opt/devkitpro/devkitARM/lib/gcc/arm-none-eabi/9.1.0/../../../../arm-none-eabi/lib/armv6k/fpu/libg.a(lib_a-mprec.o)
                0x00000000001195b4                __any_on
 .text.__sccl   0x0000000000119610       0xe8 /opt/devkitpro/devkitARM/lib/gcc/arm-none-eabi/9.1.0/../../../../arm-none-eabi/lib/armv6k/fpu/libg.a(lib_a-sccl.o)
                0x0000000000119610                __sccl
 .text.nanf     0x00000000001196f8        0xc /opt/devkitpro/devkitARM/lib/gcc/arm-none-eabi/9.1.0/../../../../arm-none-eabi/lib/armv6k/fpu/libg.a(lib_a-sf_nan.o)
                0x00000000001196f8                nanf
 *fill*         0x0000000000119704        0x4 
 .text.frexp    0x0000000000119708       0xa8 /opt/devkitpro/devkitARM/lib/gcc/arm-none-eabi/9.1.0/../../../../arm-none-eabi/lib/armv6k/fpu/libg.a(lib_a-s_frexp.o)
                0x0000000000119708                frexp
 .text.stpncpy  0x00000000001197b0       0xb8 /opt/devkitpro/devkitARM/lib/gcc/arm-none-eabi/9.1.0/../../../../arm-none-eabi/lib/armv6k/fpu/libg.a(lib_a-stpncpy.o)
                0x00000000001197b0                stpncpy
 .text.strchr   0x0000000000119868      0x144 /opt/devkitpro/devkitARM/lib/gcc/arm-none-eabi/9.1.0/../../../../arm-none-eabi/lib/armv6k/fpu/libg.a(lib_a-strchr.o)
                0x0000000000119868                strchr
 .text.strncmp  0x00000000001199ac       0xec /opt/devkitpro/devkitARM/lib/gcc/arm-none-eabi/9.1.0/../../../../arm-none-eabi/lib/armv6k/fpu/libg.a(lib_a-strncmp.o)
                0x00000000001199ac                strncmp
 .text.sulp     0x0000000000119a98       0x54 /opt/devkitpro/devkitARM/lib/gcc/arm-none-eabi/9.1.0/../../../../arm-none-eabi/lib/armv6k/fpu/libg.a(lib_a-strtod.o)
 *fill*         0x0000000000119aec        0x4 
 .text._strtod_l
                0x0000000000119af0     0x1414 /opt/devkitpro/devkitARM/lib/gcc/arm-none-eabi/9.1.0/../../../../arm-none-eabi/lib/armv6k/fpu/libg.a(lib_a-strtod.o)
                0x0000000000119af0                _strtod_l
 .text._strtod_r
                0x000000000011af04        0xc /opt/devkitpro/devkitARM/lib/gcc/arm-none-eabi/9.1.0/../../../../arm-none-eabi/lib/armv6k/fpu/libg.a(lib_a-strtod.o)
                0x000000000011af04                _strtod_r
 .text._strtoll_l.isra.0
                0x000000000011af10      0x23c /opt/devkitpro/devkitARM/lib/gcc/arm-none-eabi/9.1.0/../../../../arm-none-eabi/lib/armv6k/fpu/libg.a(lib_a-strtoll.o)
 .text._strtoll_r
                0x000000000011b14c        0x4 /opt/devkitpro/devkitARM/lib/gcc/arm-none-eabi/9.1.0/../../../../arm-none-eabi/lib/armv6k/fpu/libg.a(lib_a-strtoll.o)
                0x000000000011b14c                _strtoll_r
 .text._strtol_l.isra.0
                0x000000000011b150      0x1b4 /opt/devkitpro/devkitARM/lib/gcc/arm-none-eabi/9.1.0/../../../../arm-none-eabi/lib/armv6k/fpu/libg.a(lib_a-strtol.o)
 .text._strtol_r
                0x000000000011b304        0x4 /opt/devkitpro/devkitARM/lib/gcc/arm-none-eabi/9.1.0/../../../../arm-none-eabi/lib/armv6k/fpu/libg.a(lib_a-strtol.o)
                0x000000000011b304                _strtol_r
 .text._strtoull_l.isra.0
                0x000000000011b308      0x24c /opt/devkitpro/devkitARM/lib/gcc/arm-none-eabi/9.1.0/../../../../arm-none-eabi/lib/armv6k/fpu/libg.a(lib_a-strtoull.o)
 .text._strtoull_r
                0x000000000011b554        0x4 /opt/devkitpro/devkitARM/lib/gcc/arm-none-eabi/9.1.0/../../../../arm-none-eabi/lib/armv6k/fpu/libg.a(lib_a-strtoull.o)
                0x000000000011b554                _strtoull_r
 .text._strtoul_l.isra.0
                0x000000000011b558      0x1c8 /opt/devkitpro/devkitARM/lib/gcc/arm-none-eabi/9.1.0/../../../../arm-none-eabi/lib/armv6k/fpu/libg.a(lib_a-strtoul.o)
 .text._strtoul_r
                0x000000000011b720        0x4 /opt/devkitpro/devkitARM/lib/gcc/arm-none-eabi/9.1.0/../../../../arm-none-eabi/lib/armv6k/fpu/libg.a(lib_a-strtoul.o)
                0x000000000011b720                _strtoul_r
 .text.__ssprint_r
                0x000000000011b724      0x188 /opt/devkitpro/devkitARM/lib/gcc/arm-none-eabi/9.1.0/../../../../arm-none-eabi/lib/armv6k/fpu/libg.a(lib_a-svfiprintf.o)
                0x000000000011b724                __ssprint_r
 .text._sungetc_r
                0x000000000011b8ac       0xe0 /opt/devkitpro/devkitARM/lib/gcc/arm-none-eabi/9.1.0/../../../../arm-none-eabi/lib/armv6k/fpu/libg.a(lib_a-svfiscanf.o)
                0x000000000011b8ac                _sungetc_r
 .text.__ssrefill_r
                0x000000000011b98c       0x6c /opt/devkitpro/devkitARM/lib/gcc/arm-none-eabi/9.1.0/../../../../arm-none-eabi/lib/armv6k/fpu/libg.a(lib_a-svfiscanf.o)
                0x000000000011b98c                __ssrefill_r
 .text._sfread_r
                0x000000000011b9f8       0xc8 /opt/devkitpro/devkitARM/lib/gcc/arm-none-eabi/9.1.0/../../../../arm-none-eabi/lib/armv6k/fpu/libg.a(lib_a-svfiscanf.o)
                0x000000000011b9f8                _sfread_r
 .text.__submore
                0x000000000011bac0       0xa8 /opt/devkitpro/devkitARM/lib/gcc/arm-none-eabi/9.1.0/../../../../arm-none-eabi/lib/armv6k/fpu/libg.a(lib_a-ungetc.o)
                0x000000000011bac0                __submore
 .text._wcsnrtombs_l
                0x000000000011bb68      0x190 /opt/devkitpro/devkitARM/lib/gcc/arm-none-eabi/9.1.0/../../../../arm-none-eabi/lib/armv6k/fpu/libg.a(lib_a-wcsnrtombs.o)
                0x000000000011bb68                _wcsnrtombs_l
 .text._wcsnrtombs_r
                0x000000000011bcf8       0x48 /opt/devkitpro/devkitARM/lib/gcc/arm-none-eabi/9.1.0/../../../../arm-none-eabi/lib/armv6k/fpu/libg.a(lib_a-wcsnrtombs.o)
                0x000000000011bcf8                _wcsnrtombs_r
 .text.__utf8_wctomb
                0x000000000011bd40       0xf0 /opt/devkitpro/devkitARM/lib/gcc/arm-none-eabi/9.1.0/../../../../arm-none-eabi/lib/armv6k/fpu/libg.a(lib_a-wctomb_r.o)
                0x000000000011bd40                __utf8_wctomb
 .text._calloc_r
                0x000000000011be30       0x94 /opt/devkitpro/devkitARM/lib/gcc/arm-none-eabi/9.1.0/../../../../arm-none-eabi/lib/armv6k/fpu/libg.a(lib_a-callocr.o)
                0x000000000011be30                _calloc_r
 .text._fclose_r
                0x000000000011bec4      0x160 /opt/devkitpro/devkitARM/lib/gcc/arm-none-eabi/9.1.0/../../../../arm-none-eabi/lib/armv6k/fpu/libg.a(lib_a-fclose.o)
                0x000000000011bec4                _fclose_r
 .text.rshift   0x000000000011c024       0xec /opt/devkitpro/devkitARM/lib/gcc/arm-none-eabi/9.1.0/../../../../arm-none-eabi/lib/armv6k/fpu/libg.a(lib_a-gdtoa-gethex.o)
 .text.__gethex
                0x000000000011c110      0x828 /opt/devkitpro/devkitARM/lib/gcc/arm-none-eabi/9.1.0/../../../../arm-none-eabi/lib/armv6k/fpu/libg.a(lib_a-gdtoa-gethex.o)
                0x000000000011c110                __gethex
 .text.__match  0x000000000011c938       0x60 /opt/devkitpro/devkitARM/lib/gcc/arm-none-eabi/9.1.0/../../../../arm-none-eabi/lib/armv6k/fpu/libg.a(lib_a-gdtoa-hexnan.o)
                0x000000000011c938                __match
 .text.__hexnan
                0x000000000011c998      0x28c /opt/devkitpro/devkitARM/lib/gcc/arm-none-eabi/9.1.0/../../../../arm-none-eabi/lib/armv6k/fpu/libg.a(lib_a-gdtoa-hexnan.o)
                0x000000000011c998                __hexnan
 .text.iswspace_l
                0x000000000011cc24       0x3c /opt/devkitpro/devkitARM/lib/gcc/arm-none-eabi/9.1.0/../../../../arm-none-eabi/lib/armv6k/fpu/libg.a(lib_a-iswspace_l.o)
                0x000000000011cc24                iswspace_l
 .text.__jp2uc  0x000000000011cc60      0x1e0 /opt/devkitpro/devkitARM/lib/gcc/arm-none-eabi/9.1.0/../../../../arm-none-eabi/lib/armv6k/fpu/libg.a(lib_a-jp2uc.o)
 .text._jp2uc_l
                0x000000000011ce40       0x94 /opt/devkitpro/devkitARM/lib/gcc/arm-none-eabi/9.1.0/../../../../arm-none-eabi/lib/armv6k/fpu/libg.a(lib_a-jp2uc.o)
                0x000000000011ce40                _jp2uc_l
 *fill*         0x000000000011ced4        0x4 
 .text.nan      0x000000000011ced8       0x10 /opt/devkitpro/devkitARM/lib/gcc/arm-none-eabi/9.1.0/../../../../arm-none-eabi/lib/armv6k/fpu/libg.a(lib_a-s_nan.o)
                0x000000000011ced8                nan
 .text.category
                0x000000000011cee8       0x88 /opt/devkitpro/devkitARM/lib/gcc/arm-none-eabi/9.1.0/../../../../arm-none-eabi/lib/armv6k/fpu/libg.a(lib_a-categories.o)
                0x000000000011cee8                category
 .text.null_write
                0x000000000011cf70        0x8 /opt/devkitpro/devkitARM/lib/gcc/arm-none-eabi/9.1.0/../../../../arm-none-eabi/lib/armv6k/fpu/libsysbase.a(iosupport.o)
 .text.setDefaultDevice
                0x000000000011cf78       0x18 /opt/devkitpro/devkitARM/lib/gcc/arm-none-eabi/9.1.0/../../../../arm-none-eabi/lib/armv6k/fpu/libsysbase.a(iosupport.o)
                0x000000000011cf78                setDefaultDevice
 .text.FindDevice
                0x000000000011cf90       0xc8 /opt/devkitpro/devkitARM/lib/gcc/arm-none-eabi/9.1.0/../../../../arm-none-eabi/lib/armv6k/fpu/libsysbase.a(iosupport.o)
                0x000000000011cf90                FindDevice
 .text.RemoveDevice
                0x000000000011d058       0x28 /opt/devkitpro/devkitARM/lib/gcc/arm-none-eabi/9.1.0/../../../../arm-none-eabi/lib/armv6k/fpu/libsysbase.a(iosupport.o)
                0x000000000011d058                RemoveDevice
 .text.AddDevice
                0x000000000011d080       0x9c /opt/devkitpro/devkitARM/lib/gcc/arm-none-eabi/9.1.0/../../../../arm-none-eabi/lib/armv6k/fpu/libsysbase.a(iosupport.o)
                0x000000000011d080                AddDevice
 .text._fstat_r
                0x000000000011d11c       0x78 /opt/devkitpro/devkitARM/lib/gcc/arm-none-eabi/9.1.0/../../../../arm-none-eabi/lib/armv6k/fpu/libsysbase.a(fstat.o)
                0x000000000011d11c                _fstat_r
 .text._isatty_r
                0x000000000011d194        0x8 /opt/devkitpro/devkitARM/lib/gcc/arm-none-eabi/9.1.0/../../../../arm-none-eabi/lib/armv6k/fpu/libsysbase.a(isatty.o)
                0x000000000011d194                _isatty_r
 .text._lseek_r
                0x000000000011d19c       0x84 /opt/devkitpro/devkitARM/lib/gcc/arm-none-eabi/9.1.0/../../../../arm-none-eabi/lib/armv6k/fpu/libsysbase.a(lseek.o)
                0x000000000011d19c                _lseek_r
 .text._read_r  0x000000000011d220       0x80 /opt/devkitpro/devkitARM/lib/gcc/arm-none-eabi/9.1.0/../../../../arm-none-eabi/lib/armv6k/fpu/libsysbase.a(read.o)
                0x000000000011d220                _read_r
 .text._sbrk_r  0x000000000011d2a0       0x78 /opt/devkitpro/devkitARM/lib/gcc/arm-none-eabi/9.1.0/../../../../arm-none-eabi/lib/armv6k/fpu/libsysbase.a(sbrk.o)
                0x000000000011d2a0                _sbrk_r
 .text._write_r
                0x000000000011d318       0x80 /opt/devkitpro/devkitARM/lib/gcc/arm-none-eabi/9.1.0/../../../../arm-none-eabi/lib/armv6k/fpu/libsysbase.a(write.o)
                0x000000000011d318                _write_r
 .text._exit    0x000000000011d398       0x24 /opt/devkitpro/devkitARM/lib/gcc/arm-none-eabi/9.1.0/../../../../arm-none-eabi/lib/armv6k/fpu/libsysbase.a(_exit.o)
                0x000000000011d398                _exit
 .text._concatenate_path
                0x000000000011d3bc      0x1bc /opt/devkitpro/devkitARM/lib/gcc/arm-none-eabi/9.1.0/../../../../arm-none-eabi/lib/armv6k/fpu/libsysbase.a(chdir.o)
                0x000000000011d3bc                _concatenate_path
 .text.chdir    0x000000000011d578      0x15c /opt/devkitpro/devkitARM/lib/gcc/arm-none-eabi/9.1.0/../../../../arm-none-eabi/lib/armv6k/fpu/libsysbase.a(chdir.o)
                0x000000000011d578                chdir
 .text.__flockfile
                0x000000000011d6d4        0x8 /opt/devkitpro/devkitARM/lib/gcc/arm-none-eabi/9.1.0/../../../../arm-none-eabi/lib/armv6k/fpu/libsysbase.a(flock.o)
                0x000000000011d6d4                __flockfile
 .text.__funlockfile
                0x000000000011d6dc        0x8 /opt/devkitpro/devkitARM/lib/gcc/arm-none-eabi/9.1.0/../../../../arm-none-eabi/lib/armv6k/fpu/libsysbase.a(flock.o)
                0x000000000011d6dc                __funlockfile
 .text.__libc_lock_acquire
                0x000000000011d6e4       0x18 /opt/devkitpro/devkitARM/lib/gcc/arm-none-eabi/9.1.0/../../../../arm-none-eabi/lib/armv6k/fpu/libsysbase.a(syscall_support.o)
                0x000000000011d6e4                __libc_lock_acquire
 .text.__libc_lock_release
                0x000000000011d6fc       0x18 /opt/devkitpro/devkitARM/lib/gcc/arm-none-eabi/9.1.0/../../../../arm-none-eabi/lib/armv6k/fpu/libsysbase.a(syscall_support.o)
                0x000000000011d6fc                __libc_lock_release
 .text.__libc_lock_init_recursive
                0x000000000011d714       0x18 /opt/devkitpro/devkitARM/lib/gcc/arm-none-eabi/9.1.0/../../../../arm-none-eabi/lib/armv6k/fpu/libsysbase.a(syscall_support.o)
                0x000000000011d714                __libc_lock_init_recursive
 .text.__libc_lock_acquire_recursive
                0x000000000011d72c       0x18 /opt/devkitpro/devkitARM/lib/gcc/arm-none-eabi/9.1.0/../../../../arm-none-eabi/lib/armv6k/fpu/libsysbase.a(syscall_support.o)
                0x000000000011d72c                __libc_lock_acquire_recursive
 .text.__libc_lock_release_recursive
                0x000000000011d744       0x18 /opt/devkitpro/devkitARM/lib/gcc/arm-none-eabi/9.1.0/../../../../arm-none-eabi/lib/armv6k/fpu/libsysbase.a(syscall_support.o)
                0x000000000011d744                __libc_lock_release_recursive
 .text.__libc_lock_close_recursive
                0x000000000011d75c       0x18 /opt/devkitpro/devkitARM/lib/gcc/arm-none-eabi/9.1.0/../../../../arm-none-eabi/lib/armv6k/fpu/libsysbase.a(syscall_support.o)
                0x000000000011d75c                __libc_lock_close_recursive
 .text.__get_handle
                0x000000000011d774       0x3c /opt/devkitpro/devkitARM/lib/gcc/arm-none-eabi/9.1.0/../../../../arm-none-eabi/lib/armv6k/fpu/libsysbase.a(handle_manager.o)
                0x000000000011d774                __get_handle
 .text._close_r
                0x000000000011d7b0       0xf8 /opt/devkitpro/devkitARM/lib/gcc/arm-none-eabi/9.1.0/../../../../arm-none-eabi/lib/armv6k/fpu/libsysbase.a(handle_manager.o)
                0x000000000011d7b0                _close_r
 .text.__getreent
                0x000000000011d8a8       0x28 /opt/devkitpro/devkitARM/lib/gcc/arm-none-eabi/9.1.0/../../../../arm-none-eabi/lib/armv6k/fpu/libsysbase.a(getreent.o)
                0x000000000011d8a8                __getreent
 .text.strrchr  0x000000000011d8d0       0x44 /opt/devkitpro/devkitARM/lib/gcc/arm-none-eabi/9.1.0/../../../../arm-none-eabi/lib/armv6k/fpu/libg.a(lib_a-strrchr.o)
                0x000000000011d8d0                strrchr
 *(.glue_7)
 .glue_7        0x000000000011d914        0x0 linker stubs
 *(.glue_7t)
 .glue_7t       0x000000000011d914        0x0 linker stubs
 *(.stub)
 *(.gnu.warning)
 *(.gnu.linkonce.t*)
                0x000000000011d914                . = ALIGN (0x4)
 *(.fini)
 .fini          0x000000000011d914        0xc /opt/devkitpro/devkitARM/lib/gcc/arm-none-eabi/9.1.0/armv6k/fpu/crti.o
                0x000000000011d914                _fini
 .fini          0x000000000011d920        0xc /opt/devkitpro/devkitARM/lib/gcc/arm-none-eabi/9.1.0/armv6k/fpu/crtn.o
                0x000000000011d92c                . = ALIGN (0x4)

.vfp11_veneer   0x000000000011d92c        0x0
 .vfp11_veneer  0x000000000011d92c        0x0 linker stubs

.v4_bx          0x000000000011d92c        0x0
 .v4_bx         0x000000000011d92c        0x0 linker stubs

.iplt           0x000000000011d92c        0x0
 .iplt          0x000000000011d92c        0x0 /opt/devkitpro/devkitARM/lib/gcc/arm-none-eabi/9.1.0/../../../../arm-none-eabi/lib/armv6k/fpu/3dsx_crt0.o
                0x000000000011e000                . = ALIGN (0x1000)

.rodata         0x000000000011e000     0x7814
 *(.rodata)
 .rodata        0x000000000011e000      0x804 /opt/devkitpro/libctru/lib/libctru.a(default_font.bin.o)
                0x000000000011e000                default_font_bin
                0x000000000011e800                default_font_bin_end
                0x000000000011e800                default_font_bin_size
 .rodata        0x000000000011e804        0xc /opt/devkitpro/libctru/lib/libctru.a(sdmc_dev.o)
 *(.roda)
 *(.rodata.*)
 .rodata.str1.4
                0x000000000011e810      0x1f7 main.o
 *fill*         0x000000000011ea07        0x1 
 .rodata.con_write.str1.4
                0x000000000011ea08       0x52 /opt/devkitpro/libctru/lib/libctru.a(console.o)
 *fill*         0x000000000011ea5a        0x2 
 .rodata.str1.4
                0x000000000011ea5c       0x10 /opt/devkitpro/libctru/lib/libctru.a(console.o)
 .rodata.colorTable
                0x000000000011ea6c       0x30 /opt/devkitpro/libctru/lib/libctru.a(console.o)
 .rodata.dotab_stdout
                0x000000000011ea9c       0x70 /opt/devkitpro/libctru/lib/libctru.a(console.o)
 .rodata.CSWTCH.62
                0x000000000011eb0c       0x14 /opt/devkitpro/libctru/lib/libctru.a(gfx.o)
 .rodata.framebufferInfoSt
                0x000000000011eb20        0x8 /opt/devkitpro/libctru/lib/libctru.a(gfx.o)
 .rodata.gspInit.str1.4
                0x000000000011eb28        0x9 /opt/devkitpro/libctru/lib/libctru.a(gspgpu.o)
 *fill*         0x000000000011eb31        0x3 
 .rodata.aptSendCommand.str1.4
                0x000000000011eb34       0x16 /opt/devkitpro/libctru/lib/libctru.a(apt.o)
 *fill*         0x000000000011eb4a        0x2 
 .rodata.hidInit.str1.4
                0x000000000011eb4c       0x15 /opt/devkitpro/libctru/lib/libctru.a(hid.o)
 *fill*         0x000000000011eb61        0x3 
 .rodata.httpcInit.str1.4
                0x000000000011eb64        0x7 /opt/devkitpro/libctru/lib/libctru.a(httpc.o)
 *fill*         0x000000000011eb6b        0x1 
 .rodata.srvInit.str1.4
                0x000000000011eb6c        0x5 /opt/devkitpro/libctru/lib/libctru.a(srv.o)
 *fill*         0x000000000011eb71        0x3 
 .rodata.irrstInit.str1.4
                0x000000000011eb74        0x7 /opt/devkitpro/libctru/lib/libctru.a(irrst.o)
 *fill*         0x000000000011eb7b        0x1 
 .rodata.ptmSysmInit.str1.4
                0x000000000011eb7c        0x9 /opt/devkitpro/libctru/lib/libctru.a(ptmsysm.o)
 *fill*         0x000000000011eb85        0x3 
 .rodata.str1.4
                0x000000000011eb88        0x5 /opt/devkitpro/libctru/lib/libctru.a(sdmc_dev.o)
                                          0x9 (size before relaxing)
 *fill*         0x000000000011eb8d        0x3 
 .rodata.sdmcExit.str1.4
                0x000000000011eb90        0x6 /opt/devkitpro/libctru/lib/libctru.a(sdmc_dev.o)
 *fill*         0x000000000011eb96        0x2 
 .rodata.error_table
                0x000000000011eb98       0x30 /opt/devkitpro/libctru/lib/libctru.a(sdmc_dev.o)
 .rodata.fsInit.str1.4
                0x000000000011ebc8        0x8 /opt/devkitpro/libctru/lib/libctru.a(fs.o)
 .rodata._global_impure_ptr
                0x000000000011ebd0        0x4 /opt/devkitpro/devkitARM/lib/gcc/arm-none-eabi/9.1.0/../../../../arm-none-eabi/lib/armv6k/fpu/libg.a(lib_a-impure.o)
                0x000000000011ebd0                _global_impure_ptr
 .rodata._svfprintf_r.str1.1
                0x000000000011ebd4       0x3b /opt/devkitpro/devkitARM/lib/gcc/arm-none-eabi/9.1.0/../../../../arm-none-eabi/lib/armv6k/fpu/libg.a(lib_a-svfprintf.o)
 *fill*         0x000000000011ec0f        0x1 
 .rodata.blanks.8776
                0x000000000011ec10       0x10 /opt/devkitpro/devkitARM/lib/gcc/arm-none-eabi/9.1.0/../../../../arm-none-eabi/lib/armv6k/fpu/libg.a(lib_a-svfprintf.o)
 .rodata.zeroes.8777
                0x000000000011ec20       0x10 /opt/devkitpro/devkitARM/lib/gcc/arm-none-eabi/9.1.0/../../../../arm-none-eabi/lib/armv6k/fpu/libg.a(lib_a-svfprintf.o)
 .rodata.__ssvfscanf_r.str1.1
                0x000000000011ec30        0x5 /opt/devkitpro/devkitARM/lib/gcc/arm-none-eabi/9.1.0/../../../../arm-none-eabi/lib/armv6k/fpu/libg.a(lib_a-svfscanf.o)
                                          0x6 (size before relaxing)
 *fill*         0x000000000011ec35        0x3 
 .rodata.basefix.8820
                0x000000000011ec38       0x22 /opt/devkitpro/devkitARM/lib/gcc/arm-none-eabi/9.1.0/../../../../arm-none-eabi/lib/armv6k/fpu/libg.a(lib_a-svfscanf.o)
 .rodata._vfprintf_r.str1.1
                0x000000000011ec5a       0x3b /opt/devkitpro/devkitARM/lib/gcc/arm-none-eabi/9.1.0/../../../../arm-none-eabi/lib/armv6k/fpu/libg.a(lib_a-vfprintf.o)
 *fill*         0x000000000011ec5a        0x2 
 .rodata.blanks.8791
                0x000000000011ec5c       0x10 /opt/devkitpro/devkitARM/lib/gcc/arm-none-eabi/9.1.0/../../../../arm-none-eabi/lib/armv6k/fpu/libg.a(lib_a-vfprintf.o)
 .rodata.zeroes.8792
                0x000000000011ec6c       0x10 /opt/devkitpro/devkitARM/lib/gcc/arm-none-eabi/9.1.0/../../../../arm-none-eabi/lib/armv6k/fpu/libg.a(lib_a-vfprintf.o)
 .rodata._ctype_
                0x000000000011ec7c      0x101 /opt/devkitpro/devkitARM/lib/gcc/arm-none-eabi/9.1.0/../../../../arm-none-eabi/lib/armv6k/fpu/libg.a(lib_a-ctype_.o)
                0x000000000011ec7c                _ctype_
 *fill*         0x000000000011ed7d        0x3 
 .rodata._dtoa_r.str1.4
                0x000000000011ed80        0xd /opt/devkitpro/devkitARM/lib/gcc/arm-none-eabi/9.1.0/../../../../arm-none-eabi/lib/armv6k/fpu/libg.a(lib_a-dtoa.o)
                                         0x12 (size before relaxing)
 *fill*         0x000000000011ed8d        0x3 
 .rodata.str1.4
                0x000000000011ed90       0x48 /opt/devkitpro/devkitARM/lib/gcc/arm-none-eabi/9.1.0/../../../../arm-none-eabi/lib/armv6k/fpu/libg.a(lib_a-locale.o)
                                         0x4c (size before relaxing)
 .rodata._mbrtowc_r.str1.4
                0x000000000011edd8        0x1 /opt/devkitpro/devkitARM/lib/gcc/arm-none-eabi/9.1.0/../../../../arm-none-eabi/lib/armv6k/fpu/libg.a(lib_a-mbrtowc.o)
 .rodata.__mprec_bigtens
                0x000000000011edd8       0x28 /opt/devkitpro/devkitARM/lib/gcc/arm-none-eabi/9.1.0/../../../../arm-none-eabi/lib/armv6k/fpu/libg.a(lib_a-mprec.o)
                0x000000000011edd8                __mprec_bigtens
 .rodata.__mprec_tens
                0x000000000011ee00       0xc8 /opt/devkitpro/devkitARM/lib/gcc/arm-none-eabi/9.1.0/../../../../arm-none-eabi/lib/armv6k/fpu/libg.a(lib_a-mprec.o)
                0x000000000011ee00                __mprec_tens
 .rodata.p05.7510
                0x000000000011eec8        0xc /opt/devkitpro/devkitARM/lib/gcc/arm-none-eabi/9.1.0/../../../../arm-none-eabi/lib/armv6k/fpu/libg.a(lib_a-mprec.o)
 .rodata._strtod_l.str1.4
                0x000000000011eed4        0xf /opt/devkitpro/devkitARM/lib/gcc/arm-none-eabi/9.1.0/../../../../arm-none-eabi/lib/armv6k/fpu/libg.a(lib_a-strtod.o)
                                         0x11 (size before relaxing)
 *fill*         0x000000000011eee3        0x1 
 .rodata.fpi.7590
                0x000000000011eee4       0x14 /opt/devkitpro/devkitARM/lib/gcc/arm-none-eabi/9.1.0/../../../../arm-none-eabi/lib/armv6k/fpu/libg.a(lib_a-strtod.o)
 .rodata.fpinan.7626
                0x000000000011eef8       0x14 /opt/devkitpro/devkitARM/lib/gcc/arm-none-eabi/9.1.0/../../../../arm-none-eabi/lib/armv6k/fpu/libg.a(lib_a-strtod.o)
 *fill*         0x000000000011ef0c        0x4 
 .rodata.tinytens
                0x000000000011ef10       0x28 /opt/devkitpro/devkitARM/lib/gcc/arm-none-eabi/9.1.0/../../../../arm-none-eabi/lib/armv6k/fpu/libg.a(lib_a-strtod.o)
 .rodata.__action_table
                0x000000000011ef38       0x6c /opt/devkitpro/devkitARM/lib/gcc/arm-none-eabi/9.1.0/../../../../arm-none-eabi/lib/armv6k/fpu/libg.a(lib_a-svfiprintf.o)
                0x000000000011ef38                __action_table
 .rodata.__chclass
                0x000000000011efa4      0x100 /opt/devkitpro/devkitARM/lib/gcc/arm-none-eabi/9.1.0/../../../../arm-none-eabi/lib/armv6k/fpu/libg.a(lib_a-svfiprintf.o)
                0x000000000011efa4                __chclass
 .rodata.__state_table
                0x000000000011f0a4       0x6c /opt/devkitpro/devkitARM/lib/gcc/arm-none-eabi/9.1.0/../../../../arm-none-eabi/lib/armv6k/fpu/libg.a(lib_a-svfiprintf.o)
                0x000000000011f0a4                __state_table
 .rodata.__hexdig
                0x000000000011f110      0x100 /opt/devkitpro/devkitARM/lib/gcc/arm-none-eabi/9.1.0/../../../../arm-none-eabi/lib/armv6k/fpu/libg.a(lib_a-gdtoa-gethex.o)
                0x000000000011f110                __hexdig
 .rodata._jp2uc_l.str1.4
                0x000000000011f210       0x12 /opt/devkitpro/devkitARM/lib/gcc/arm-none-eabi/9.1.0/../../../../arm-none-eabi/lib/armv6k/fpu/libg.a(lib_a-jp2uc.o)
 *fill*         0x000000000011f222        0x2 
 .rodata.a1     0x000000000011f224       0xbc /opt/devkitpro/devkitARM/lib/gcc/arm-none-eabi/9.1.0/../../../../arm-none-eabi/lib/armv6k/fpu/libg.a(lib_a-jp2uc.o)
 .rodata.a2     0x000000000011f2e0       0xbc /opt/devkitpro/devkitARM/lib/gcc/arm-none-eabi/9.1.0/../../../../arm-none-eabi/lib/armv6k/fpu/libg.a(lib_a-jp2uc.o)
 .rodata.a3     0x000000000011f39c       0x5b /opt/devkitpro/devkitARM/lib/gcc/arm-none-eabi/9.1.0/../../../../arm-none-eabi/lib/armv6k/fpu/libg.a(lib_a-jp2uc.o)
 *fill*         0x000000000011f3f7        0x1 
 .rodata.a6     0x000000000011f3f8       0x70 /opt/devkitpro/devkitARM/lib/gcc/arm-none-eabi/9.1.0/../../../../arm-none-eabi/lib/armv6k/fpu/libg.a(lib_a-jp2uc.o)
 .rodata.a7     0x000000000011f468       0xa2 /opt/devkitpro/devkitARM/lib/gcc/arm-none-eabi/9.1.0/../../../../arm-none-eabi/lib/armv6k/fpu/libg.a(lib_a-jp2uc.o)
 *fill*         0x000000000011f50a        0x2 
 .rodata.a8     0x000000000011f50c       0x40 /opt/devkitpro/devkitARM/lib/gcc/arm-none-eabi/9.1.0/../../../../arm-none-eabi/lib/armv6k/fpu/libg.a(lib_a-jp2uc.o)
 .rodata.b02cf  0x000000000011f54c     0x172a /opt/devkitpro/devkitARM/lib/gcc/arm-none-eabi/9.1.0/../../../../arm-none-eabi/lib/armv6k/fpu/libg.a(lib_a-jp2uc.o)
 *fill*         0x0000000000120c76        0x2 
 .rodata.d02f4  0x0000000000120c78     0x1a7c /opt/devkitpro/devkitARM/lib/gcc/arm-none-eabi/9.1.0/../../../../arm-none-eabi/lib/armv6k/fpu/libg.a(lib_a-jp2uc.o)
 .rodata.str1.4
                0x00000000001226f4        0x5 /opt/devkitpro/devkitARM/lib/gcc/arm-none-eabi/9.1.0/../../../../arm-none-eabi/lib/armv6k/fpu/libg.a(lib_a-lnumeric.o)
 .rodata._C_numeric_locale
                0x00000000001226f4        0xc /opt/devkitpro/devkitARM/lib/gcc/arm-none-eabi/9.1.0/../../../../arm-none-eabi/lib/armv6k/fpu/libg.a(lib_a-lnumeric.o)
                0x00000000001226f4                _C_numeric_locale
 .rodata.categories
                0x0000000000122700     0x309c /opt/devkitpro/devkitARM/lib/gcc/arm-none-eabi/9.1.0/../../../../arm-none-eabi/lib/armv6k/fpu/libg.a(lib_a-categories.o)
 .rodata.AddDevice.str1.4
                0x000000000012579c        0x8 /opt/devkitpro/devkitARM/lib/gcc/arm-none-eabi/9.1.0/../../../../arm-none-eabi/lib/armv6k/fpu/libsysbase.a(iosupport.o)
 .rodata.dotab_stdnull
                0x00000000001257a4       0x70 /opt/devkitpro/devkitARM/lib/gcc/arm-none-eabi/9.1.0/../../../../arm-none-eabi/lib/armv6k/fpu/libsysbase.a(iosupport.o)
                0x00000000001257a4                dotab_stdnull
 *all.rodata*(*)
 *(.gnu.linkonce.r*)
                0x0000000000125814                . = ALIGN (0x4)

.eh_frame       0x0000000000125814        0x0
 .eh_frame      0x0000000000125814        0x0 /opt/devkitpro/devkitARM/lib/gcc/arm-none-eabi/9.1.0/armv6k/fpu/crtbegin.o

.rel.dyn        0x0000000000125814        0x0
 .rel.iplt      0x0000000000125814        0x0 /opt/devkitpro/devkitARM/lib/gcc/arm-none-eabi/9.1.0/../../../../arm-none-eabi/lib/armv6k/fpu/3dsx_crt0.o

.ARM.extab
 *(.ARM.extab* .gnu.linkonce.armextab.*)
                0x0000000000125814                __exidx_start = .

ARM.exidx
 *(.ARM.exidx* .gnu.linkonce.armexidx.*)
                0x0000000000125814                __exidx_end = .
                0x0000000000126000                . = ALIGN (0x1000)

.data           0x0000000000126000     0x23b8
 *(.data)
 .data          0x0000000000126000        0x4 /opt/devkitpro/libctru/lib/libctru.a(stack_adjust.o)
                0x0000000000126000                __stacksize__
 *(.data.*)
 .data.currentConsole
                0x0000000000126004        0x4 /opt/devkitpro/libctru/lib/libctru.a(console.o)
                0x0000000000126004                currentConsole
 .data.defaultConsole
                0x0000000000126008       0x4c /opt/devkitpro/libctru/lib/libctru.a(console.o)
                0x0000000000126008                defaultConsole
 .data.firstConsoleInit.8429
                0x0000000000126054        0x1 /opt/devkitpro/libctru/lib/libctru.a(console.o)
 .data.botFormat
                0x0000000000126055        0x1 /opt/devkitpro/libctru/lib/libctru.a(gfx.o)
 *fill*         0x0000000000126056        0x2 
 .data.doubleBuf
                0x0000000000126058        0x8 /opt/devkitpro/libctru/lib/libctru.a(gfx.o)
 .data.topFormat
                0x0000000000126060        0x1 /opt/devkitpro/libctru/lib/libctru.a(gfx.o)
 *fill*         0x0000000000126061        0x3 
 .data.gspLastEvent
                0x0000000000126064        0x4 /opt/devkitpro/libctru/lib/libctru.a(gspgpu.o)
 .data.aptFlags
                0x0000000000126068        0x4 /opt/devkitpro/libctru/lib/libctru.a(apt.o)
 .data.aptHomeAllowed
                0x000000000012606c        0x1 /opt/devkitpro/libctru/lib/libctru.a(apt.o)
 *fill*         0x000000000012606d        0x3 
 .data.__ctru_linear_heap_size
                0x0000000000126070        0x4 /opt/devkitpro/libctru/lib/libctru.a(allocateHeaps.o)
                0x0000000000126070                __ctru_linear_heap_size
 .data.__cwd    0x0000000000126074      0x401 /opt/devkitpro/libctru/lib/libctru.a(sdmc_dev.o)
 *fill*         0x0000000000126475        0x3 
 .data.sdmc_devoptab
                0x0000000000126478       0x70 /opt/devkitpro/libctru/lib/libctru.a(sdmc_dev.o)